Source {"commit": "da3a127c6bd83256876bf6c36929e5678c5dae49", "comparator_sha256": "04537577bee6bf0731f6e44d492d79e401c491d42127439633ebbc0813eccfc7", "toolchain": "leanprover/lean4:v4.35.0-rc3"}
challenge_module 173532741 a8987edf38dbc02afbdb4f19131b42b1534de637537130e342536b54d9f0c6c6
solution_module 471921732 69e86e9ba3192a5fde1fefef21e3b2ab6c41ec4cd16d5d8c4ef8231324f57b37
Starting local con-ron verified mode, one worker
con-ron: 1 inductive blocks modelled in-process: Lean.Syntax (30 generated records, checked by the fold as declarations and not counted as records of the file)
con-ron: parse done: 59892 fold records — 59884 declarations after the 8 built-in prelude records (8 stream copies of prelude records dropped) t=1.377s (parse 1.377s)
con-ron: install 0/59892 basis t=1.377s
con-ron: install 100/59892 def Array.empty t=1.382s
con-ron: install 200/59892 def _private.Init.Prelude.0.Nat.not_succ_le_self.match_1_1 t=1.388s
con-ron: install 300/59892 thm Lean.Syntax._model._impl.packUnpack t=1.593s
con-ron: install 400/59892 thm implies_congr t=1.601s
con-ron: install 500/59892 def instDecidableEqNat t=1.611s
con-ron: install 600/59892 def _private.Init.Data.Nat.Gcd.0.Nat.gcd.induction.match_1_1 t=1.677s
con-ron: install 700/59892 thm Nat.lt_of_succ_lt_succ t=1.680s
con-ron: install 800/59892 def AddCommMonoidWithOne.toAddMonoidWithOne t=1.695s
con-ron: install 900/59892 thm LinearOrder.min_def t=1.705s
con-ron: install 1000/59892 thm Nat.add_le_add_right t=1.721s
con-ron: install 1100/59892 inductive InvolutiveInv t=1.731s
con-ron: install 1200/59892 thm lt_of_lt_of_le t=1.737s
con-ron: install 1300/59892 thm add_lt_add_right t=1.740s
con-ron: install 1400/59892 def AddCommGroup.toDivisionAddCommMonoid t=1.748s
con-ron: install 1500/59892 def _private.Init.PropLemmas.0.Exists.imp.match_1_1 t=1.756s
con-ron: install 1600/59892 thm MulZeroClass.negZeroClass._proof_1 t=1.767s
con-ron: install 1700/59892 def _private.Init.Data.Nat.Div.Basic.0.Nat.div_le_self.match_1_1 t=1.776s
con-ron: install 1800/59892 thm heq_of_eq t=3.136s
con-ron: install 1900/59892 def List.Sublist.refl._f t=3.148s
con-ron: install 2000/59892 thm _private.Init.Data.List.Pairwise.0.List.pairwise_append._simp_1_3 t=3.156s
con-ron: install 2100/59892 thm IsCauSeq.neg t=3.162s
con-ron: install 2200/59892 thm Nat.instNonAssocSemiring._proof_1 t=3.173s
con-ron: install 2300/59892 thm Pi.addSemigroup._proof_1 t=3.178s
con-ron: install 2400/59892 def Function.Injective.monoid t=3.189s
con-ron: install 2500/59892 thm Pi.addGroupWithOne._proof_5 t=3.198s
con-ron: install 2600/59892 def _private.Init.Data.Int.Lemmas.0.Int.subNatNat_self.match_1_1 t=3.204s
con-ron: install 2700/59892 def _private.Init.Data.Int.Order.0.Int.le.dest.match_1_1 t=3.206s
con-ron: install 2800/59892 thm Nat.gcd_le_right t=3.209s
con-ron: install 2900/59892 def Std.IsLinearPreorder.of_le._auto_3 t=3.217s
con-ron: install 3000/59892 def Lean.Omega.Coeffs.smul t=3.221s
con-ron: install 3100/59892 thm Lean.Omega.Coeffs.gcd_dvd_dot_left t=3.224s
con-ron: install 3200/59892 thm Lean.Omega.Int.add_congr t=3.227s
con-ron: install 3300/59892 def _private.Init.Data.Int.Order.0.Int.natAbs_eq_zero.match_1_1 t=3.229s
con-ron: install 3400/59892 thm Rat.divInt._proof_1 t=3.232s
con-ron: install 3500/59892 thm Nat.mul_add_mod t=3.236s
con-ron: install 3600/59892 thm Rat.divInt_mul_left t=3.239s
con-ron: install 3700/59892 thm Int.instCommRing._proof_6 t=3.242s
con-ron: install 3800/59892 thm sup_le_iff t=3.246s
con-ron: install 3900/59892 thm Int.mul_nonneg_iff_of_pos_right t=3.248s
con-ron: install 4000/59892 inductive EquivLike t=3.252s
con-ron: install 4100/59892 def AddEquiv.casesOn t=3.261s
con-ron: install 4200/59892 thm Quotient.lift₂._proof_2 t=3.268s
con-ron: install 4300/59892 thm DivInvMonoid.zpow_succ' t=3.282s
con-ron: install 4400/59892 thm _private.Init.Grind.Ring.Basic.0.Lean.Grind.Ring.intCast_add._proof_1_3 t=3.294s
con-ron: install 4500/59892 thm _private.Init.Grind.Ring.Basic.0.Lean.Grind.IsCharP.intCast_eq_zero_iff._proof_1_9 t=3.296s
con-ron: install 4600/59892 opaque Lean.opaqueId t=3.303s
con-ron: install 4700/59892 def _private.Init.Data.Nat.Internal.Linear.0.Nat.Internal.Linear.Poly.denote_insert.match_1_1 t=3.308s
con-ron: install 4800/59892 thm Lean.Grind.CommRing.instReflBEqPower t=3.314s
con-ron: install 4900/59892 thm Lean.Grind.CommRing.Mon.eq_of_revlex t=3.317s
con-ron: install 5000/59892 thm Int.blt'_eq_false t=3.320s
con-ron: install 5100/59892 thm Quotient.inductionOn t=3.323s
con-ron: install 5200/59892 thm mul_comm' t=3.334s
con-ron: install 5300/59892 thm Function.Surjective.semiring._proof_5 t=3.344s
con-ron: install 5400/59892 inductive ZeroHom t=3.364s
con-ron: install 5500/59892 thm CauSeq.Completion.Cauchy.divisionRing._proof_2 t=3.376s
con-ron: install 5600/59892 def _private.Mathlib.Algebra.Order.Archimedean.Defs.0.exists_int_gt.match_1_1 t=3.386s
con-ron: install 5700/59892 thm inf_eq_minDefault t=3.390s
con-ron: install 5800/59892 def Lean.Grind.Linarith.Poly._sizeOf_inst t=3.397s
con-ron: install 5900/59892 def Lean.Data.AC.eval t=3.420s
con-ron: install 6000/59892 thm _private.Init.Data.Nat.Order.0.Nat.instLawfulOrderLT._simp_1 t=3.422s
con-ron: install 6100/59892 thm neg_le_sub_iff_le_add' t=3.426s
con-ron: install 6200/59892 thm min_sub_sub_right t=3.430s
con-ron: install 6300/59892 thm _private.Init.Data.Int.DivMod.Lemmas.0.Int.ediv_le_iff_le_mul._proof_1_1 t=3.437s
con-ron: install 6400/59892 thm Commute.symm t=3.441s
con-ron: install 6500/59892 thm FloorSemiring.gc_ceil t=3.447s
con-ron: install 6600/59892 thm le_of_subsingleton._simp_1 t=3.450s
con-ron: install 6700/59892 def Int.Internal.Linear.Expr.toPoly' t=3.469s
con-ron: install 6800/59892 thm List.pairwise_middle t=3.473s
con-ron: install 6900/59892 thm List.forall_mem_cons t=3.484s
con-ron: install 7000/59892 thm Lean.Grind.imp_eq_of_eq_true_left t=3.495s
con-ron: install 7100/59892 thm SetLike.ext t=3.500s
con-ron: install 7200/59892 thm List.erase_eq_eraseP' t=3.514s
con-ron: install 7300/59892 thm Fin.foldr.loop.congr_simp t=3.519s
con-ron: install 7400/59892 def Pi.instDistribLattice t=3.547s
con-ron: install 7500/59892 thm imp_iff_or_not t=3.555s
con-ron: install 7600/59892 def OrderDual.instOrderBotOfOrderTop t=3.565s
con-ron: install 7700/59892 thm AddOpposite.instAddZeroClass._proof_2 t=3.569s
con-ron: install 7800/59892 inductive Dist t=3.579s
con-ron: install 7900/59892 thm compl_compl t=3.590s
con-ron: install 8000/59892 def Multiset.pmap t=3.594s
con-ron: install 8100/59892 thm List.Pairwise.filter t=3.597s
con-ron: install 8200/59892 def AddCon.zero t=3.610s
con-ron: install 8300/59892 thm Nonneg.addMonoid._proof_1 t=3.617s
con-ron: install 8400/59892 def CompleteSemilatticeInf.toInfSet t=3.638s
con-ron: install 8500/59892 inductive OrderSupSet t=3.648s
con-ron: install 8600/59892 def Set.image t=3.652s
con-ron: install 8700/59892 thm Real.instConditionallyCompleteLinearOrder._proof_2 t=3.657s
con-ron: install 8800/59892 thm Set.image_empty t=3.662s
con-ron: install 8900/59892 def Option.instDecidableEq.match_3 t=3.667s
con-ron: install 9000/59892 thm nhds_def t=3.676s
con-ron: install 9100/59892 thm nhds_basis_opens t=3.678s
con-ron: install 9200/59892 thm WithTop.addMonoid._proof_3 t=3.683s
con-ron: install 9300/59892 thm WithTop.instMulZeroOneClass._proof_5 t=3.688s
con-ron: install 9400/59892 thm ENNReal.instDivInvMonoid._proof_4 t=3.695s
con-ron: install 9500/59892 thm Nonneg.instDenselyOrdered t=3.700s
con-ron: install 9600/59892 thm LinearOrderedCommGroupWithZero.mul_inv_cancel t=3.710s
con-ron: install 9700/59892 def PseudoEMetricSpace.toEDist t=3.716s
con-ron: install 9800/59892 thm sInf_image t=3.720s
con-ron: install 9900/59892 def _private.Init.Grind.AC.0.Lean.Grind.AC.Seq.erase0.match_1.splitter t=3.727s
con-ron: install 10000/59892 thm _private.Mathlib.Basic.ENNReal.Basic.0.ENNReal.instOrderedSub._proof_1 t=3.731s
con-ron: install 10100/59892 def _private.Mathlib.Data.Set.Image.0.Set.range_nonempty_iff_nonempty.match_1_1 t=3.734s
con-ron: install 10200/59892 def QuotientAddGroup.instNorm t=3.740s
con-ron: install 10300/59892 thm Filter.forall_mem_nonempty_iff_neBot t=3.762s
con-ron: install 10400/59892 thm Set.finite_singleton t=3.764s
con-ron: install 10500/59892 thm Real.pseudoMetricSpace._proof_4 t=3.766s
con-ron: install 10600/59892 thm List.not_nodup_cons_of_mem t=3.781s
con-ron: install 10700/59892 thm Int.Internal.Linear.Poly.addConst.eq_def t=3.784s
con-ron: install 10800/59892 def Std.Packages.LinearPreorderOfLEArgs.ord t=3.814s
con-ron: install 10900/59892 thm Int.instLinearOrderPackage._proof_2 t=3.831s
con-ron: install 11000/59892 def Multiset.toFinset t=3.836s
con-ron: install 11100/59892 thm mem_nhdsSet_iff_exists t=3.838s
con-ron: install 11200/59892 thm _private.Mathlib.Topology.Separation.Hausdorff.0.t2_iff_isClosed_diagonal._simp_1_6 t=3.856s
con-ron: install 11300/59892 thm _private.Mathlib.Topology.Constructions.SumProd.0.mem_nhds_prod_iff'._simp_1_2 t=3.865s
con-ron: install 11400/59892 thm Function.LeftInverse.rightInverse t=3.888s
con-ron: install 11500/59892 thm sSup_range t=3.893s
con-ron: install 11600/59892 thm Real.normedCommRing._proof_10 t=3.896s
con-ron: install 11700/59892 thm Finset.sup_empty t=3.911s
con-ron: install 11800/59892 thm nhds_comap_dist t=3.920s
con-ron: install 11900/59892 thm all_mem_nhds_filter t=3.926s
con-ron: install 12000/59892 thm map_nhds_induced_of_mem t=3.983s
con-ron: install 12100/59892 thm Set.prod_subset_prod_iff t=3.991s
con-ron: install 12200/59892 thm Filter.comap_lift_eq t=4.004s
con-ron: install 12300/59892 thm Multiset.add._proof_1 t=4.008s
con-ron: install 12400/59892 thm Finite.instProd t=4.011s
con-ron: install 12500/59892 thm _private.Mathlib.Algebra.Order.Ring.WithTop.0.WithTop.mul_left_strictMono._simp_1_3 t=4.022s
con-ron: install 12600/59892 inductive SubadditiveHomClass t=4.031s
con-ron: install 12700/59892 thm IsOpenMap.prodMap t=4.055s
con-ron: install 12800/59892 thm Mathlib.Tactic.Push.not_forall_eq t=4.065s
con-ron: install 12900/59892 thm Filter.le_lift t=4.091s
con-ron: install 13000/59892 thm SetRel.isSymm_inter t=4.093s
con-ron: install 13100/59892 thm instSymmNe_mathlib t=4.113s
con-ron: install 13200/59892 thm ConditionallyCompleteLinearOrder.isCompact_Icc t=4.117s
con-ron: install 13300/59892 thm Mathlib.Tactic.FieldSimp.eq_eq_cancel_eq t=4.126s
con-ron: install 13400/59892 def LonelyRunner.ValidWitness t=4.136s
con-ron: install 13500/59892 thm add_nonpos t=4.139s
con-ron: install 13600/59892 thm AddSubgroup.closure_le t=4.146s
con-ron: install 13700/59892 thm NormedDivisionRing.toNormedRing._proof_1 t=4.183s
con-ron: install 13800/59892 thm coe_nnnorm t=4.197s
con-ron: install 13900/59892 thm MulActionWithZero.smul_zero t=4.216s
con-ron: install 14000/59892 thm LonelyRunner.ValidCover.loneliness_le t=4.226s
con-ron: install 14100/59892 thm Mathlib.Tactic.CancelDenoms.div_subst t=4.235s
con-ron: install 14200/59892 thm Int.cast_negOfNat t=4.254s
con-ron: install 14300/59892 thm sub_eq_zero_of_eq t=4.258s
con-ron: install 14400/59892 thm Int.gcd_dvd_natAbs_left t=4.261s
con-ron: install 14500/59892 thm Mathlib.Tactic.Ring.Common.one_pow t=4.266s
con-ron: install 14600/59892 thm _private.Mathlib.Data.Int.Interval.0.Int.instLocallyFiniteOrder._proof_4 t=4.274s
con-ron: install 14700/59892 thm sub_lt_sub_right t=4.277s
con-ron: install 14800/59892 thm _private.Mathlib.Algebra.GCDMonoid.Multiset.0.Multiset.dvd_gcd._simp_1_2 t=4.302s
con-ron: install 14900/59892 def Nat.gcdA t=4.304s
con-ron: install 15000/59892 def Classical.dec t=4.311s
con-ron: install 15100/59892 thm LonelyRunner.uc_character_inequalities_bound._proof_1_52 t=4.315s
con-ron: install 15200/59892 thm Mathlib.Tactic.LinearCombination.eq_rearrange t=4.320s
con-ron: install 15300/59892 thm MeasureTheory.OuterMeasure.instPartialOrder._proof_1 t=4.344s
con-ron: install 15400/59892 thm Fin.instUnique._proof_2 t=4.355s
con-ron: install 15500/59892 thm Cardinal.commSemiring._proof_16 t=4.357s
con-ron: install 15600/59892 thm instPreorderENat._proof_1 t=4.362s
con-ron: install 15700/59892 thm InitialSeg.lt_iff_lt t=4.371s
con-ron: install 15800/59892 thm not_isMax t=4.379s
con-ron: install 15900/59892 thm le_mul_of_one_le_of_le t=4.382s
con-ron: install 16000/59892 thm Finite.Set.finite_inter_of_left t=4.390s
con-ron: install 16100/59892 def _private.Mathlib.Data.Multiset.AddSub.0.Multiset.mem_sub_of_nodup.match_1_1 t=4.399s
con-ron: install 16200/59892 def _private.Init.Data.List.Sublist.0.List.sublist_append_left.match_1_1 t=4.436s
con-ron: install 16300/59892 thm List.Sublist.erase t=4.440s
con-ron: install 16400/59892 thm List.sum_cons t=4.442s
con-ron: install 16500/59892 thm SummationFilter.comap_unconditional t=4.445s
con-ron: install 16600/59892 thm WithTop.mul_lt_top t=4.451s
con-ron: install 16700/59892 thm _private.Mathlib.Topology.Instances.ENNReal.Lemmas.0.ENNReal.tendsto_mul._simp_1_3 t=4.456s
con-ron: install 16800/59892 inductive SupConvergenceClass t=4.475s
con-ron: install 16900/59892 thm Function.support_zero t=4.480s
con-ron: install 17000/59892 thm self_mem_nhdsWithin t=4.489s
con-ron: install 17100/59892 thm Set.uIcc_subset_uIcc t=4.491s
con-ron: install 17200/59892 thm pow_two t=4.497s
con-ron: install 17300/59892 def Algebra.toSMul t=4.516s
con-ron: install 17400/59892 thm instLinearOrderNNRat._proof_5 t=4.522s
con-ron: install 17500/59892 thm hasSum_iff_tendsto_nat_of_nonneg t=4.524s
con-ron: install 17600/59892 thm Prod.subNegMonoid._proof_2 t=4.535s
con-ron: install 17700/59892 thm Set.biInter_subset_biInter_left t=4.539s
con-ron: install 17800/59892 thm _private.Mathlib.Data.Multiset.Bind.0.Multiset.mem_sigma._simp_1_4 t=4.552s
con-ron: install 17900/59892 def ShiftLeft.shiftLeft t=4.562s
con-ron: install 18000/59892 thm Nat.pair_unpair t=4.569s
con-ron: install 18100/59892 def _private.Mathlib.Basic.Countable.Defs.0.Finite.to_countable.match_1 t=4.596s
con-ron: install 18200/59892 thm ciSup_le t=4.602s
con-ron: install 18300/59892 thm partialSups_disjointed t=4.604s
con-ron: install 18400/59892 def Set.fintypeiUnion t=4.608s
con-ron: install 18500/59892 thm MeasureTheory.AEEqFun.cast._proof_1 t=4.616s
con-ron: install 18600/59892 def OrderIso.trans t=4.622s
con-ron: install 18700/59892 thm Continuous.surjective t=4.630s
con-ron: install 18800/59892 def Star.star t=4.643s
con-ron: install 18900/59892 def Lean.Grind.CommRing.Stepwise.imp_1eq_cert t=4.675s
con-ron: install 19000/59892 thm IsCauSeq.geo_series_const t=4.679s
con-ron: install 19100/59892 def Nat.factorial_pos._f t=4.682s
con-ron: install 19200/59892 thm Finset.Ico_disjoint_Ico_consecutive t=4.688s
con-ron: install 19300/59892 def NonUnitalRingHom.toAddMonoidHom t=4.713s
con-ron: install 19400/59892 thm CauSeq.const_add t=4.738s
con-ron: install 19500/59892 thm even_two_mul t=4.751s
con-ron: install 19600/59892 thm _private.Mathlib.Topology.Order.OrderClosed.0.Ioo_mem_nhdsLT._simp_1_1 t=4.777s
con-ron: install 19700/59892 thm intermediate_value_Icc' t=4.780s
con-ron: install 19800/59892 thm _private.Mathlib.Analysis.Complex.Trigonometric.0.Complex.cosh_add_aux t=4.783s
con-ron: install 19900/59892 def Lean.Grind.CommRing.Mon.degreeOf._f t=4.790s
con-ron: install 20000/59892 thm Set.eq_of_subset_of_subset t=4.793s
con-ron: install 20100/59892 thm Real.exp_log t=4.799s
con-ron: install 20200/59892 thm MeasurableSpace.copy._proof_2 t=4.806s
con-ron: install 20300/59892 thm MeasureTheory.AEEqFun.comp_mk t=4.809s
con-ron: install 20400/59892 thm MeasureTheory.NullMeasurableSpace.instMeasurableSpace._proof_2 t=4.817s
con-ron: install 20500/59892 thm _private.Mathlib.MeasureTheory.OuterMeasure.AE.0.MeasureTheory.ae_eq_empty._simp_1_1 t=4.823s
con-ron: install 20600/59892 thm Complex.exp_mul_I t=4.826s
con-ron: install 20700/59892 thm MeasureTheory.lintegral_zero t=4.828s
con-ron: install 20800/59892 def Encodable.encodeList.match_1 t=4.859s
con-ron: install 20900/59892 thm ENNReal.orderIsoIicCoe._proof_5 t=4.871s
con-ron: install 21000/59892 def _private.Mathlib.Topology.EMetricSpace.Basic.0.EMetric.totallyBounded_iff'.match_1_3 t=4.887s
con-ron: install 21100/59892 thm _private.Mathlib.Topology.UniformSpace.Basic.0.nhdset_of_mem_uniformity._simp_1_10 t=4.894s
con-ron: install 21200/59892 thm secondCountableTopologyEither_of_right t=4.913s
con-ron: install 21300/59892 def ShiftRight.shiftRight t=4.931s
con-ron: install 21400/59892 thm sSup_lt_iff t=4.935s
con-ron: install 21500/59892 thm Pi.mulAction._proof_1 t=4.953s
con-ron: install 21600/59892 thm MeasureTheory.OuterMeasure.isCaratheodory_disjointed t=4.964s
con-ron: install 21700/59892 thm MeasureTheory.SimpleFunc.mem_range_self t=4.974s
con-ron: install 21800/59892 thm isOpen_discrete t=4.986s
con-ron: install 21900/59892 thm LocallyFiniteOrder.finset_mem_Ioo t=4.988s
con-ron: install 22000/59892 thm _private.Mathlib.Topology.Inseparable.0.Topology.IsInducing.specializes_iff._simp_1_1 t=5.004s
con-ron: install 22100/59892 def NNReal.measurableSpace t=5.017s
con-ron: install 22200/59892 thm MeasurableSet.inr_image t=5.029s
con-ron: install 22300/59892 thm ENNReal.add_biSup' t=5.033s
con-ron: install 22400/59892 thm Prod.instModule._proof_2 t=5.065s
con-ron: install 22500/59892 thm Filter.lift_map_le t=5.085s
con-ron: install 22600/59892 def HasSeparatingCover t=5.135s
con-ron: install 22700/59892 thm _private.Mathlib.Analysis.SpecialFunctions.Pow.Real.0.Complex.ofReal_cpow._simp_1_1 t=5.160s
con-ron: install 22800/59892 thm Function.Antiperiodic.periodic t=5.162s
con-ron: install 22900/59892 thm Complex.antilipschitz_equivRealProd t=5.181s
con-ron: install 23000/59892 thm one_div_div t=5.183s
con-ron: install 23100/59892 def OrderDual.instSMulZeroClass_1 t=5.235s
con-ron: install 23200/59892 thm Fin.succ_injective t=5.239s
con-ron: install 23300/59892 thm _private.Mathlib.Order.Filter.SmallSets.0.Filter.eventually_smallSets_eventually._simp_1_5 t=5.241s
con-ron: install 23400/59892 thm OrderIso.bddBelow_image t=5.255s
con-ron: install 23500/59892 def List.forall_zipWith._f t=5.268s
con-ron: install 23600/59892 thm Nat.sSup_mem t=5.270s
con-ron: install 23700/59892 thm _private.Mathlib.Topology.MetricSpace.HausdorffDistance.0.Metric.infEDist_eq_top_iff._simp_1_1 t=5.274s
con-ron: install 23800/59892 thm _private.Mathlib.Order.LiminfLimsup.0.Filter.HasBasis.liminf_eq_ite._simp_1_3 t=5.294s
con-ron: install 23900/59892 thm IsLUB.exists_seq_monotone_tendsto t=5.296s
con-ron: install 24000/59892 thm ENNReal.tendsto_atTop_zero t=5.308s
con-ron: install 24100/59892 def Real.expMonoidHom t=5.319s
con-ron: install 24200/59892 thm MeasureTheory.eLpNorm_neg t=5.346s
con-ron: install 24300/59892 thm MeasureTheory.Lp.instNormedAddCommGroup._proof_1 t=5.361s
con-ron: install 24400/59892 thm IsField.mul_comm t=5.414s
con-ron: install 24500/59892 def Classical.strongIndefiniteDescription t=5.450s
con-ron: install 24600/59892 def LinearMap.instZero t=5.473s
con-ron: install 24700/59892 def MeasureTheory.SimpleFunc.integral t=5.504s
con-ron: install 24800/59892 def Filter.limsup_le_of_le._auto_1 t=5.510s
con-ron: install 24900/59892 thm MeasureTheory.Lp.simpleFunc.toSimpleFunc_eq_toFun t=5.534s
con-ron: install 25000/59892 thm Seminorm.instSeminormClass t=5.581s
con-ron: install 25100/59892 def UniformFun.basis t=5.606s
con-ron: install 25200/59892 thm norm_pow t=5.617s
con-ron: install 25300/59892 thm instCompleteLatticeUniformSpace._proof_2 t=5.636s
con-ron: install 25400/59892 thm _private.Mathlib.Analysis.Normed.Operator.Basic.0.ContinuousLinearMap.opNorm_le_bound'._simp_1_1 t=5.640s
con-ron: install 25500/59892 def Inner.rclikeToReal t=5.673s
con-ron: install 25600/59892 thm TwoSidedIdeal.orderIsoRingCon._proof_1 t=5.712s
con-ron: install 25700/59892 thm RCLike.smul_im t=5.725s
con-ron: install 25800/59892 thm _private.Init.Data.Order.FactoriesExtra.0.Std.isLE_compare._simp_1_1 t=5.784s
con-ron: install 25900/59892 thm Nat.powMod._unary.eq_def t=5.787s
con-ron: install 26000/59892 thm Lean.Grind.CommRing.Poly.combineC._unary._proof_3 t=5.789s
con-ron: install 26100/59892 thm TopologicalSpace.Opens.isOpen t=5.812s
con-ron: install 26200/59892 thm _private.Mathlib.Topology.Compactness.Compact.0.isCompact_of_finite_subcover._simp_1_3 t=5.826s
con-ron: install 26300/59892 inductive TopologicalSpace.OpenNhdsOf t=5.830s
con-ron: install 26400/59892 thm Set.image2_left_identity t=5.843s
con-ron: install 26500/59892 thm compact_open_separated_add_right t=5.846s
con-ron: install 26600/59892 thm AddMonoidHom.eq_of_eqOn_denseM t=5.849s
con-ron: install 26700/59892 thm _private.Mathlib.Analysis.LocallyConvex.WithSeminorms.0.SeminormFamily.basisSets_iff._simp_1_3 t=5.876s
con-ron: install 26800/59892 thm AddMonoid.End.instMonoid._proof_3 t=5.903s
con-ron: install 26900/59892 thm _private.Mathlib.Analysis.LocallyConvex.WithSeminorms.0.WithSeminorms.toPolynormableSpace._simp_1_2 t=5.908s
con-ron: install 27000/59892 def Finsupp.linearCombination t=5.927s
con-ron: install 27100/59892 thm Finsupp.finsetSum_apply t=5.931s
con-ron: install 27200/59892 thm RingHomInvPair.comp_apply_eq₂ t=5.946s
con-ron: install 27300/59892 thm Disjoint.of_span t=5.951s
con-ron: install 27400/59892 inductive SMulMemClass t=5.957s
con-ron: install 27500/59892 thm Filter.Eventually.self_of_nhds t=5.979s
con-ron: install 27600/59892 thm _private.Mathlib.Algebra.Module.Submodule.Map.0.Submodule.gciMapComap._simp_2 t=5.994s
con-ron: install 27700/59892 def LinearEquiv.piCongrLeft t=6.012s
con-ron: install 27800/59892 thm AddEquiv.arrowCongr._proof_1 t=6.070s
con-ron: install 27900/59892 thm Module.Basis.injective t=6.077s
con-ron: install 28000/59892 def LinearMap.funLeft t=6.108s
con-ron: install 28100/59892 def linearOrderOfSTO t=6.160s
con-ron: install 28200/59892 def WellFounded.casesOn t=6.175s
con-ron: install 28300/59892 thm Ordinal.instLinearOrder._proof_4 t=6.190s
con-ron: install 28400/59892 thm SuccOrder.ofSuccLeIff._proof_1 t=6.193s
con-ron: install 28500/59892 thm GaloisCoinsertion.l_le_l_iff t=6.206s
con-ron: install 28600/59892 thm Ordinal.card_zero t=6.219s
con-ron: install 28700/59892 thm _private.Mathlib.Order.Lex.0.instLawfulBEqLex._proof_1 t=6.237s
con-ron: install 28800/59892 thm Preorder.toLE_injective t=6.266s
con-ron: install 28900/59892 thm Ordinal.lt_iSup_iff._simp_1 t=6.279s
con-ron: install 29000/59892 thm Cardinal.aleph_zero t=6.291s
con-ron: install 29100/59892 thm instPartialOrderShrink._proof_2 t=6.303s
con-ron: install 29200/59892 thm Cardinal.mk_le_aleph0 t=6.308s
con-ron: install 29300/59892 thm Submodule.pi._proof_2 t=6.324s
con-ron: install 29400/59892 def Subring.instInfSet t=6.401s
con-ron: install 29500/59892 thm Subsemiring.ofClass._proof_4 t=6.447s
con-ron: install 29600/59892 def AlgHom.range t=6.463s
con-ron: install 29700/59892 thm RingHom.map_one t=6.478s
con-ron: install 29800/59892 thm _private.Mathlib.Algebra.Ring.Subring.Defs.0.intCast_mem._simp_1_3 t=6.496s
con-ron: install 29900/59892 def _private.Mathlib.Order.OrderIsoNat.0.RelEmbedding.wellFounded_iff_isEmpty.match_1_1 t=6.501s
con-ron: install 30000/59892 thm RingHom.mem_rangeS t=6.547s
con-ron: install 30100/59892 thm NonUnitalAlgSemiHomClass.toDistribMulActionSemiHomClass t=6.576s
con-ron: install 30200/59892 def Polynomial.monomial t=6.592s
con-ron: install 30300/59892 thm Finsupp.liftAddHom_apply_single t=6.597s
con-ron: install 30400/59892 thm Polynomial.lcoeff._proof_1 t=6.614s
con-ron: install 30500/59892 thm Finset.max_le_iff._simp_2 t=6.627s
con-ron: install 30600/59892 thm Lean.Grind.Ring.OfSemiring.left_distrib t=6.654s
con-ron: install 30700/59892 thm Ideal.leadingCoeffNth_mono t=6.656s
con-ron: install 30800/59892 thm Algebra.adjoin_le_iff t=6.661s
con-ron: install 30900/59892 thm AddSubgroup.closure_toAddSubmonoid t=6.675s
con-ron: install 31000/59892 def Subring.instCompleteLattice.match_1 t=6.679s
con-ron: install 31100/59892 thm pi_eq_sum_univ t=6.703s
con-ron: install 31200/59892 def Submodule.restrictScalars t=6.706s
con-ron: install 31300/59892 thm LinearIndepOn.image_of_comp t=6.722s
con-ron: install 31400/59892 def LinearMap.quotKerEquivRange t=6.729s
con-ron: install 31500/59892 thm _private.Mathlib.LinearAlgebra.Prod.0.LinearMap.ker_coprod_of_disjoint_range._simp_1_1 t=6.758s
con-ron: install 31600/59892 thm Finsupp.sumFinsuppEquivProdFinsupp._proof_3 t=6.764s
con-ron: install 31700/59892 thm LinearIndependent.eq_1 t=6.770s
con-ron: install 31800/59892 def _private.Mathlib.GroupTheory.Coset.Defs.0.QuotientAddGroup.preimage_image_mk.match_1_7 t=6.777s
con-ron: install 31900/59892 thm _private.Mathlib.Topology.Maps.Basic.0.Topology.IsOpenEmbedding.of_continuous_injective_isOpenMap._simp_1_2 t=6.810s
con-ron: install 32000/59892 thm isModuleTopologyOfFiniteDimensional t=6.817s
con-ron: install 32100/59892 thm _private.Mathlib.Analysis.MeanInequalities.0.NNReal.isGreatest_Lp._simp_1_1 t=6.846s
con-ron: install 32200/59892 thm ENNReal.toReal_div t=6.849s
con-ron: install 32300/59892 thm WithLp.linearEquiv._proof_1 t=6.872s
con-ron: install 32400/59892 def LinearMap.mk₂'ₛₗ t=6.899s
con-ron: install 32500/59892 thm PiLp.norm_eq_of_nat t=6.914s
con-ron: install 32600/59892 thm Submodule.orthogonal_disjoint t=6.943s
con-ron: install 32700/59892 thm NNRat.instMetricSpace._proof_5 t=6.974s
con-ron: install 32800/59892 thm norm_eq_iInf_iff_real_inner_le_zero t=6.978s
con-ron: install 32900/59892 thm Metric.isCompact_iff_isClosed_bounded t=7.003s
con-ron: install 33000/59892 thm upperBounds_singleton t=7.013s
con-ron: install 33100/59892 def NormedAddCommGroup.ofSeparation t=7.017s
con-ron: install 33200/59892 thm MeasureTheory.SimpleFunc.instMulAction._proof_2 t=7.026s
con-ron: install 33300/59892 def _private.Mathlib.Topology.Instances.ENNReal.Lemmas.0.ENNReal.biInf_le_nhds.match_1_1 t=7.029s
con-ron: install 33400/59892 thm AEMeasurable.sum_measure t=7.032s
con-ron: install 33500/59892 thm MeasureTheory.hasFiniteIntegral_const t=7.071s
con-ron: install 33600/59892 thm _private.Mathlib.MeasureTheory.Measure.Regular.0.MeasureTheory.Measure.InnerRegularWRT.weaklyRegular_of_finite._simp_1_1 t=7.121s
con-ron: install 33700/59892 thm Set.subsingleton_isBot t=7.152s
con-ron: install 33800/59892 thm _private.Mathlib.MeasureTheory.Measure.Restrict.0.MeasureTheory.Measure.restrict_biUnion_congr._simp_1_2 t=7.163s
con-ron: install 33900/59892 thm BddBelow.dual t=7.175s
con-ron: install 34000/59892 thm unique_iff_subsingleton_and_nonempty t=7.179s
con-ron: install 34100/59892 thm TopologicalSpace.IsCompletelyMetrizableSpace.complete t=7.255s
con-ron: install 34200/59892 thm Set.indicator_rel_indicator t=7.257s
con-ron: install 34300/59892 thm MeasureTheory.Measure.join_apply t=7.279s
con-ron: install 34400/59892 thm MeasureTheory.Measure.lintegral_join t=7.282s
con-ron: install 34500/59892 thm MeasureTheory.measure_eq_top_of_lintegral_ne_top t=7.312s
con-ron: install 34600/59892 thm MeasureTheory.Measure.Regular.smul t=7.317s
con-ron: install 34700/59892 thm Module.Basis.addHaar_def t=7.376s
con-ron: install 34800/59892 thm Filter.tendsto_atTop_principal t=7.392s
con-ron: install 34900/59892 thm _private.Mathlib.Order.Filter.Map.0.Filter.comap_le_iff_le_kernMap._simp_1_3 t=7.400s
con-ron: install 35000/59892 thm continuous_max t=7.414s
con-ron: install 35100/59892 thm Filter.blimsup_or_eq_sup t=7.427s
con-ron: install 35200/59892 thm lt_div_iff_of_neg t=7.432s
con-ron: install 35300/59892 thm MeasureTheory.MemLp.indicator t=7.440s
con-ron: install 35400/59892 thm Set.domRestrict_extend_range t=7.447s
con-ron: install 35500/59892 thm ContinuousLinearMap.toSpanSingleton._proof_1 t=7.485s
con-ron: install 35600/59892 thm Set.zero_mem_sub_iff t=7.525s
con-ron: install 35700/59892 def _private.Mathlib.Basic.Logic.Basic.0.bex_def.match_1_1 t=7.569s
con-ron: install 35800/59892 thm Filter.inv_cobounded₀ t=7.578s
con-ron: install 35900/59892 def Submodule.comapMkQRelIso t=7.594s
con-ron: install 36000/59892 thm Seminorm.convexOn t=7.611s
con-ron: install 36100/59892 thm Set.Icc_subset_Icc_iff t=7.623s
con-ron: install 36200/59892 def EReal t=7.627s
con-ron: install 36300/59892 thm lowerSemicontinuousWithinAt_const t=7.640s
con-ron: install 36400/59892 thm MeasureTheory.SimpleFunc.sub_apply t=7.646s
con-ron: install 36500/59892 thm WithBot.top_eq_coe._simp_2 t=7.649s
con-ron: install 36600/59892 thm EReal.add_lt_add_of_lt_of_le t=7.651s
con-ron: install 36700/59892 thm IsClosed.mem_of_ge_of_forall_exists_gt t=7.653s
con-ron: install 36800/59892 thm _private.Mathlib.Analysis.Normed.Module.Seminorm.Norm.0.closedBall_normSeminorm._simp_1_1 t=7.661s
con-ron: install 36900/59892 thm vadd_right_cancel t=7.665s
con-ron: install 37000/59892 thm Asymptotics.isLittleOTVS_congr t=7.689s
con-ron: install 37100/59892 thm differentiableWithinAt_univ t=7.716s
con-ron: install 37200/59892 thm ENNReal.le_inv_iff_mul_le t=7.743s
con-ron: install 37300/59892 thm MulOpposite.instAddMonoidWithOne._proof_1 t=7.760s
con-ron: install 37400/59892 thm ContinuousLinearMap.flipₗᵢ._proof_1 t=7.794s
con-ron: install 37500/59892 def MultilinearMap.instFunLikeForall t=7.837s
con-ron: install 37600/59892 def ContinuousMultilinearMap.opNorm t=7.847s
con-ron: install 37700/59892 thm ContinuousMultilinearMap.instContinuousConstSMul t=7.857s
con-ron: install 37800/59892 thm Fin.cons_update t=7.867s
con-ron: install 37900/59892 def Fin.snoc t=7.913s
con-ron: install 38000/59892 thm _private.Mathlib.Analysis.Calculus.MeanValue.0.Convex.norm_image_sub_le_of_norm_hasFDerivWithin_le'._abel_1_1 t=7.945s
con-ron: install 38100/59892 thm _private.Mathlib.LinearAlgebra.AffineSpace.AffineMap.0.AffineMap.lineMap_apply_module._abel_1_1 t=7.983s
con-ron: install 38200/59892 thm AffineMap.id._proof_1 t=7.994s
con-ron: install 38300/59892 thm ContinuousLinearMap.uncurryLeft._proof_1 t=8.056s
con-ron: install 38400/59892 thm UniformFun.inf_eq t=8.070s
con-ron: install 38500/59892 thm tangentConeAt_mono_nhds t=8.088s
con-ron: install 38600/59892 def Int.Internal.Linear.emod_le_cert t=8.096s
con-ron: install 38700/59892 thm List.concat_eq_append t=8.124s
con-ron: install 38800/59892 thm _private.Mathlib.Data.List.Nodup.0.List.nodup_reverse._simp_1_1 t=8.164s
con-ron: install 38900/59892 thm _private.Mathlib.Combinatorics.Enumerative.Composition.0.compositionAsSetEquiv._simp_15 t=8.168s
con-ron: install 39000/59892 thm _private.Init.Data.List.Sort.Basic.0.List.mergeSort._unary.eq_def t=8.176s
con-ron: install 39100/59892 thm List.SortedLE.sortedLT_of_nodup t=8.180s
con-ron: install 39200/59892 def _private.Init.Data.Fin.Basic.0.Fin.exists_iff.match_1_3 t=8.183s
con-ron: install 39300/59892 thm Finset.prod_equiv t=8.191s
con-ron: install 39400/59892 thm Set.indicator_compl' t=8.196s
con-ron: install 39500/59892 thm FormalMultilinearSeries.partialSum_continuous t=8.202s
con-ron: install 39600/59892 thm FormalMultilinearSeries.compChangeOfVariables._proof_2 t=8.208s
con-ron: install 39700/59892 thm List.forall₂_nil_left_iff._simp_1 t=8.213s
con-ron: install 39800/59892 thm instFintypeSum._proof_1 t=8.238s
con-ron: install 39900/59892 thm NNReal.tsum_mul_right t=8.260s
con-ron: install 40000/59892 def CauchyFilter.instUniformSpace.match_1 t=8.266s
con-ron: install 40100/59892 def AbstractCompletion.extend₂ t=8.282s
con-ron: install 40200/59892 thm AbstractCompletion.continuous_extend t=8.289s
con-ron: install 40300/59892 thm mem_uniformity_isClosed t=8.294s
con-ron: install 40400/59892 thm UniformOnFun.uniformity_eq_of_basis t=8.337s
con-ron: install 40500/59892 thm Filter.comap_neBot_iff_frequently t=8.354s
con-ron: install 40600/59892 thm dist_pi_const t=8.370s
con-ron: install 40700/59892 thm Finset.eventually_cofinite_notMem t=8.385s
con-ron: install 40800/59892 thm Finset.Icc_self t=8.391s
con-ron: install 40900/59892 thm _private.Mathlib.Data.Finset.Powerset.0.Finset.powerset_insert._simp_1_3 t=8.400s
con-ron: install 41000/59892 thm AnalyticOn.hasFTaylorSeriesUpToOn t=8.412s
con-ron: install 41100/59892 thm _private.Mathlib.Analysis.Analytic.OfScalars.0.FormalMultilinearSeries.tendsto_succ_norm_div_norm._simp_1_1 t=8.422s
con-ron: install 41200/59892 thm HasDerivWithinAt.mul_const t=8.428s
con-ron: install 41300/59892 thm Fin.instNonUnitalCommRing._proof_4 t=8.431s
con-ron: install 41400/59892 thm Mathlib.Meta.NormNum.isRat_le_false t=8.437s
con-ron: install 41500/59892 def _private.Init.Data.List.Lemmas.0.List.mem_flatMap.match_1_1 t=8.455s
con-ron: install 41600/59892 thm RightCancelMonoid.toIsRightCancelMul t=8.541s
con-ron: install 41700/59892 thm mul_inv_eq_iff_eq_mul t=8.545s
con-ron: install 41800/59892 thm IsExtreme.rfl t=8.569s
con-ron: install 41900/59892 thm LinearEquiv.dualMap._proof_1 t=8.592s
con-ron: install 42000/59892 def _private.Mathlib.LinearAlgebra.Dual.Lemmas.0.Module.instIsReflexiveOfFiniteOfProjective.match_1 t=8.627s
con-ron: install 42100/59892 thm Submodule.eq_of_le_of_finrank_eq t=8.642s
con-ron: install 42200/59892 thm DFinsupp.mapRange.linearEquiv._proof_1 t=8.664s
con-ron: install 42300/59892 thm nonZeroDivisors.eq_1 t=8.671s
con-ron: install 42400/59892 thm _private.Mathlib.Logic.Function.Basic.0.Function.not_injective_iff._simp_1_3 t=8.674s
con-ron: install 42500/59892 inductive CompTriple.IsId t=8.691s
con-ron: install 42600/59892 thm Matrix.map_zero t=8.706s
con-ron: install 42700/59892 thm Fin.succ_inj._simp_1 t=8.710s
con-ron: install 42800/59892 thm instNeZeroNatHAdd t=8.714s
con-ron: install 42900/59892 thm neg_pow_two t=8.717s
con-ron: install 43000/59892 thm LinearEquiv.ker t=8.721s
con-ron: install 43100/59892 thm Int.normalize_of_nonpos t=8.725s
con-ron: install 43200/59892 thm Fin.succ_zero_eq_one t=8.743s
con-ron: install 43300/59892 thm Iff.or t=8.779s
con-ron: install 43400/59892 thm _private.Mathlib.Algebra.Module.ZLattice.Basic.0.ZSpan.fract_eq_fract._simp_1_5 t=8.796s
con-ron: install 43500/59892 thm isLocallyClosed_iff_isOpen_preimage_val_closure t=8.823s
con-ron: install 43600/59892 def Con.monoid t=8.828s
con-ron: install 43700/59892 thm _private.Mathlib.Order.Atoms.0.SetLike.isCoatom_iff._simp_1_3 t=8.834s
con-ron: install 43800/59892 thm Ideal.instIsTwoSidedForallPi t=8.841s
con-ron: install 43900/59892 thm AddMonoidWithOne.unary._proof_1 t=8.877s
con-ron: install 44000/59892 thm Commute.isRegular_iff t=8.915s
con-ron: install 44100/59892 def encodeMultiset t=8.944s
con-ron: install 44200/59892 thm MeasurableSpace.comap_comp t=8.963s
con-ron: install 44300/59892 thm AffineSubspace.spanPoints_subset_coe_of_subset_coe t=8.982s
con-ron: install 44400/59892 def Module.Basis.toMatrix t=9.001s
con-ron: install 44500/59892 thm Module.Basis.adjustToOrientation.eq_1 t=9.022s
con-ron: install 44600/59892 thm Matrix.scalar_comm_iff t=9.028s
con-ron: install 44700/59892 thm LinearMap.toMatrix_comp t=9.056s
con-ron: install 44800/59892 thm Invertible.subsingleton t=9.068s
con-ron: install 44900/59892 def List.TProd.elim.match_1 t=9.118s
con-ron: install 45000/59892 thm MeasureTheory.Measure.pi_pi_aux t=9.138s
con-ron: install 45100/59892 thm Matrix.Pivot.listTransvecCol_mul_mul_listTransvecRow_last_row t=9.156s
con-ron: install 45200/59892 thm _private.Mathlib.Data.Finset.Disjoint.0.Finset.disjoint_coe._simp_1_2 t=9.161s
con-ron: install 45300/59892 thm instMulActionRayVector._proof_1 t=9.169s
con-ron: install 45400/59892 thm Finset.sum_compl_add_sum t=9.189s
con-ron: install 45500/59892 thm Module.Basis.is_basis_iff_det t=9.194s
con-ron: install 45600/59892 thm MeasureTheory.measure_preimage_vadd_le t=9.212s
con-ron: install 45700/59892 thm _private.Mathlib.MeasureTheory.Group.GeometryOfNumbers.0.MeasureTheory.exists_ne_zero_mem_lattice_of_measure_mul_two_pow_lt_measure._simp_1_2 t=9.229s
con-ron: install 45800/59892 thm ClosureOperator.ofPred._proof_2 t=9.260s
con-ron: install 45900/59892 thm Lean.Grind.AC.Seq.unionFuel.induct_unfolding t=9.265s
con-ron: install 46000/59892 thm vsub_eq_sub t=9.269s
con-ron: install 46100/59892 thm Module.Basis.sumCoords_self_apply t=9.289s
con-ron: install 46200/59892 def AffineEquiv.toAffineMap t=9.314s
con-ron: install 46300/59892 thm frontier_inter_open_inter t=9.327s
con-ron: install 46400/59892 thm gcd_dvd_gcd t=9.336s
con-ron: install 46500/59892 thm _private.Mathlib.Data.List.Defs.0.List.permutationsAux.rec.match_1._arg_pusher t=10.108s
con-ron: install 46600/59892 thm LonelyRunner.repeatPositiveCoverage1._proof_1_1 t=10.142s
con-ron: install 46700/59892 def LonelyRunner.unpackRepeatCodes.match_1 t=10.162s
con-ron: install 46800/59892 def LonelyRunner.repeatCodes3_2 t=10.210s
con-ron: install 46900/59892 thm LonelyRunner.repeatCheck6_5._proof_1_1 t=10.263s
con-ron: install 47000/59892 thm LonelyRunner.repeatCheck9_8 t=10.320s
con-ron: install 47100/59892 thm LonelyRunner.repeat_exception_13._proof_1_4 t=10.326s
con-ron: install 47200/59892 thm LonelyRunner.repeat_exception_33._proof_1_4 t=10.328s
con-ron: install 47300/59892 thm LonelyRunner.repeat_exception_53._proof_1_4 t=10.330s
con-ron: install 47400/59892 thm LonelyRunner.repeat_exception_73._proof_1_4 t=10.332s
con-ron: install 47500/59892 thm LonelyRunner.repeat_exception_93._proof_1_4 t=10.334s
con-ron: install 47600/59892 thm LonelyRunner.repeat_exception_113._proof_1_4 t=10.336s
con-ron: install 47700/59892 thm LonelyRunner.repeat_exception_133._proof_1_4 t=10.338s
con-ron: install 47800/59892 thm LonelyRunner.repeat_exception_153._proof_1_4 t=10.340s
con-ron: install 47900/59892 thm LonelyRunner.repeat_exception_173._proof_1_4 t=10.342s
con-ron: install 48000/59892 def LonelyRunner.tightFivePrimes t=10.345s
con-ron: install 48100/59892 def Nat.decidableLoHi t=10.369s
con-ron: install 48200/59892 thm Filter.Iio_mem_atBot t=10.394s
con-ron: install 48300/59892 thm LonelyRunner.five_le_sixth_speedNorm_bound t=10.441s
con-ron: install 48400/59892 thm Polynomial.degree_le_degree t=10.445s
con-ron: install 48500/59892 thm Polynomial.divModByMonicAux.eq_def t=10.450s
con-ron: install 48600/59892 thm Finsupp.instIsLeftCancelAdd t=10.476s
con-ron: install 48700/59892 thm AddEquiv.uniqueSums_iff t=10.502s
con-ron: install 48800/59892 thm Finset.HasAntidiagonal.mem_antidiagonal._simp_1 t=10.506s
con-ron: install 48900/59892 thm List.Vector.inductionOn._proof_11 t=10.510s
con-ron: install 49000/59892 def ZMod.instInv t=10.514s
con-ron: install 49100/59892 thm Fin.val_mul t=10.516s
con-ron: install 49200/59892 def LonelyRunner.ModularPairCover.coverFrom t=11.956s
con-ron: install 49300/59892 thm LonelyRunner.ModularPairCover.exceptionMask_sound t=11.958s
con-ron: install 49400/59892 thm LonelyRunner.ModularPairCover.Prime83.block_5 t=11.960s
con-ron: install 49500/59892 thm LonelyRunner.ModularPairCover.Prime101.block_12._proof_1_1 t=11.961s
con-ron: install 49600/59892 thm LonelyRunner.ModularPairCover.Prime103.block_21 t=11.962s
con-ron: install 49700/59892 thm LonelyRunner.ModularPairCover.Prime107.block_31._proof_1_1 t=11.963s
con-ron: install 49800/59892 thm LonelyRunner.ModularPairCover.Prime131.block_54 t=11.964s
con-ron: install 49900/59892 thm LonelyRunner.ModularPairCover.Prime131.block_4 t=11.965s
con-ron: install 50000/59892 thm LonelyRunner.ModularPairCover.Prime149.block_35._proof_1_1 t=11.967s
con-ron: install 50100/59892 thm LonelyRunner.ModularPairCover.Prime151.block_68 t=11.972s
con-ron: install 50200/59892 thm LonelyRunner.ModularPairCover.Prime151.block_18 t=11.973s
con-ron: install 50300/59892 thm LonelyRunner.ModularPairCover.Prime163.block_56._proof_1_1 t=11.975s
con-ron: install 50400/59892 thm LonelyRunner.ModularPairCover.Prime163.block_6._proof_1_1 t=11.975s
con-ron: install 50500/59892 thm LonelyRunner.ModularPairCover.Prime167.block_47 t=11.977s
con-ron: install 50600/59892 def LonelyRunner.ModularPairCover.Prime173.targets t=11.978s
con-ron: install 50700/59892 thm LonelyRunner.ModularPairCover.Prime173.block_40._proof_1_1 t=11.979s
con-ron: install 50800/59892 thm LonelyRunner.ModularPairCover.Prime179.block_87 t=11.980s
con-ron: install 50900/59892 thm LonelyRunner.ModularPairCover.Prime179.block_37 t=11.981s
con-ron: install 51000/59892 thm LonelyRunner.ModularPairCover.Prime191.block_89._proof_1_1 t=11.983s
con-ron: install 51100/59892 thm LonelyRunner.ModularPairCover.Prime191.block_39._proof_1_1 t=11.983s
con-ron: install 51200/59892 thm LonelyRunner.ModularPairCover.Prime193.block_93 t=11.985s
con-ron: install 51300/59892 thm LonelyRunner.ModularPairCover.Prime193.block_43 t=11.986s
con-ron: install 51400/59892 thm LonelyRunner.ModularPairCover.Prime197.exceptions_ok._proof_1_1 t=11.987s
con-ron: install 51500/59892 thm LonelyRunner.ModularPairCover.Prime197.block_48._proof_1_1 t=11.988s
con-ron: install 51600/59892 def LonelyRunner.ModularPairCover.Prime199.masks t=11.989s
con-ron: install 51700/59892 thm LonelyRunner.ModularPairCover.Prime199.block_55 t=11.990s
con-ron: install 51800/59892 thm LonelyRunner.ModularPairCover.Prime199.block_5 t=11.991s
con-ron: install 51900/59892 thm LonelyRunner.ModularPairCover.Prime211.block_67._proof_1_1 t=11.992s
con-ron: install 52000/59892 thm LonelyRunner.ModularPairCover.Prime211.block_17._proof_1_1 t=11.993s
con-ron: install 52100/59892 thm LonelyRunner.ModularPairCover.Prime223.block_86 t=11.995s
con-ron: install 52200/59892 thm LonelyRunner.ModularPairCover.Prime223.block_36 t=11.996s
con-ron: install 52300/59892 thm LonelyRunner.ModularPairCover.Prime227.block_106._proof_1_1 t=11.997s
con-ron: install 52400/59892 thm LonelyRunner.ModularPairCover.Prime227.block_56._proof_1_1 t=11.998s
con-ron: install 52500/59892 thm LonelyRunner.ModularPairCover.Prime227.block_6._proof_1_1 t=11.999s
con-ron: install 52600/59892 thm LonelyRunner.ModularPairCover.Prime229.block_78 t=12.001s
con-ron: install 52700/59892 thm LonelyRunner.ModularPairCover.Prime229.block_28 t=12.001s
con-ron: install 52800/59892 thm LonelyRunner.ModularPairCover.Prime233.block_101._proof_1_1 t=12.003s
con-ron: install 52900/59892 thm LonelyRunner.ModularPairCover.Prime233.block_51._proof_1_1 t=12.004s
con-ron: install 53000/59892 thm LonelyRunner.ModularPairCover.Prime233.block_1._proof_1_1 t=12.005s
con-ron: install 53100/59892 thm LonelyRunner.ModularPairCover.Prime239.block_78 t=12.006s
con-ron: install 53200/59892 thm LonelyRunner.ModularPairCover.Prime239.block_28 t=12.007s
con-ron: install 53300/59892 thm LonelyRunner.ModularPairCover.Prime241.block_105._proof_1_1 t=12.009s
con-ron: install 53400/59892 thm LonelyRunner.ModularPairCover.Prime241.block_55._proof_1_1 t=12.010s
con-ron: install 53500/59892 thm LonelyRunner.ModularPairCover.Prime241.block_5._proof_1_1 t=12.010s
con-ron: install 53600/59892 thm LonelyRunner.ModularPairCover.Prime251.block_88 t=12.012s
con-ron: install 53700/59892 thm LonelyRunner.ModularPairCover.Prime251.block_38 t=12.013s
con-ron: install 53800/59892 thm LonelyRunner.ModularPairCover.Prime257.block_123._proof_1_1 t=12.015s
con-ron: install 53900/59892 thm LonelyRunner.ModularPairCover.Prime257.block_73._proof_1_1 t=12.016s
con-ron: install 54000/59892 thm LonelyRunner.ModularPairCover.Prime257.block_23._proof_1_1 t=12.017s
con-ron: install 54100/59892 thm LonelyRunner.ModularPairCover.Prime263.block_112 t=12.018s
con-ron: install 54200/59892 thm LonelyRunner.ModularPairCover.Prime263.block_62 t=12.019s
con-ron: install 54300/59892 thm LonelyRunner.ModularPairCover.Prime263.block_12 t=12.020s
con-ron: install 54400/59892 thm LonelyRunner.ModularPairCover.Prime269.block_103._proof_1_1 t=12.022s
con-ron: install 54500/59892 thm LonelyRunner.ModularPairCover.Prime269.block_53._proof_1_1 t=12.022s
con-ron: install 54600/59892 thm LonelyRunner.ModularPairCover.Prime269.block_3._proof_1_1 t=12.023s
con-ron: install 54700/59892 thm LonelyRunner.ModularPairCover.Prime271.block_96 t=12.025s
con-ron: install 54800/59892 thm LonelyRunner.ModularPairCover.Prime271.block_46 t=12.026s
con-ron: install 54900/59892 thm LonelyRunner.ModularPairCover.Prime277.masks_ok._proof_1_1 t=12.027s
con-ron: install 55000/59892 thm LonelyRunner.ModularPairCover.Prime277.block_91._proof_1_1 t=12.028s
con-ron: install 55100/59892 thm LonelyRunner.ModularPairCover.Prime277.block_41._proof_1_1 t=12.029s
con-ron: install 55200/59892 thm LonelyRunner.ModularPairCover.Prime281.block_139 t=12.031s
con-ron: install 55300/59892 thm LonelyRunner.ModularPairCover.Prime281.block_89 t=12.032s
con-ron: install 55400/59892 thm LonelyRunner.ModularPairCover.Prime281.block_39 t=12.033s
con-ron: install 55500/59892 thm LonelyRunner.ModularPairCover.Prime283.block_137._proof_1_1 t=12.034s
con-ron: install 55600/59892 thm LonelyRunner.ModularPairCover.Prime283.block_87._proof_1_1 t=12.035s
con-ron: install 55700/59892 thm LonelyRunner.ModularPairCover.Prime283.block_37._proof_1_1 t=12.036s
con-ron: install 55800/59892 thm LonelyRunner.ModularPairCover.Prime293.block_141 t=12.038s
con-ron: install 55900/59892 thm LonelyRunner.ModularPairCover.Prime293.block_91 t=12.039s
con-ron: install 56000/59892 thm LonelyRunner.ModularPairCover.Prime293.block_41 t=12.039s
con-ron: install 56100/59892 thm LonelyRunner.ModularPairCover.Prime307.block_151._proof_1_1 t=12.041s
con-ron: install 56200/59892 thm LonelyRunner.ModularPairCover.Prime307.block_101._proof_1_1 t=12.042s
con-ron: install 56300/59892 thm LonelyRunner.ModularPairCover.Prime307.block_51._proof_1_1 t=12.043s
con-ron: install 56400/59892 thm LonelyRunner.ModularPairCover.Prime307.block_1._proof_1_1 t=12.044s
con-ron: install 56500/59892 thm LonelyRunner.ModularPairCover.Prime311.block_114 t=12.045s
con-ron: install 56600/59892 thm LonelyRunner.ModularPairCover.Prime311.block_64 t=12.046s
con-ron: install 56700/59892 thm LonelyRunner.ModularPairCover.Prime311.block_14 t=12.047s
con-ron: install 56800/59892 thm LonelyRunner.ModularPairCover.Prime313.block_127._proof_1_1 t=12.049s
con-ron: install 56900/59892 thm LonelyRunner.ModularPairCover.Prime313.block_77._proof_1_1 t=12.050s
con-ron: install 57000/59892 thm LonelyRunner.ModularPairCover.Prime313.block_27._proof_1_1 t=12.051s
con-ron: install 57100/59892 thm LonelyRunner.ModularPairCover.Prime317.block_143 t=12.052s
con-ron: install 57200/59892 thm LonelyRunner.ModularPairCover.Prime317.block_93 t=12.053s
con-ron: install 57300/59892 thm LonelyRunner.ModularPairCover.Prime317.block_43 t=12.054s
con-ron: install 57400/59892 thm LonelyRunner.ModularPairCover.Prime331.exceptions_ok._proof_1_1 t=12.056s
con-ron: install 57500/59892 thm LonelyRunner.ModularPairCover.Prime331.block_115._proof_1_1 t=12.057s
con-ron: install 57600/59892 thm LonelyRunner.ModularPairCover.Prime331.block_65._proof_1_1 t=12.057s
con-ron: install 57700/59892 thm LonelyRunner.ModularPairCover.Prime331.block_15._proof_1_1 t=12.058s
con-ron: install 57800/59892 thm LonelyRunner.ModularPairCover.Prime337.block_141 t=12.060s
con-ron: install 57900/59892 thm LonelyRunner.ModularPairCover.Prime337.block_91 t=12.061s
con-ron: install 58000/59892 thm LonelyRunner.ModularPairCover.Prime337.block_41 t=12.062s
con-ron: install 58100/59892 thm LonelyRunner.ModularPairCover.Prime347.block_171._proof_1_1 t=12.064s
con-ron: install 58200/59892 thm LonelyRunner.ModularPairCover.Prime347.block_121._proof_1_1 t=12.064s
con-ron: install 58300/59892 thm LonelyRunner.ModularPairCover.Prime347.block_71._proof_1_1 t=12.065s
con-ron: install 58400/59892 thm LonelyRunner.ModularPairCover.Prime347.block_21._proof_1_1 t=12.066s
con-ron: install 58500/59892 thm LonelyRunner.ModularPairCover.Prime349.block_153 t=12.068s
con-ron: install 58600/59892 thm LonelyRunner.ModularPairCover.Prime349.block_103 t=12.069s
con-ron: install 58700/59892 thm LonelyRunner.ModularPairCover.Prime349.block_53 t=12.069s
con-ron: install 58800/59892 thm LonelyRunner.ModularPairCover.Prime349.block_3 t=12.070s
con-ron: install 58900/59892 thm LonelyRunner.ModularPairCover.Prime353.block_136._proof_1_1 t=12.072s
con-ron: install 59000/59892 thm LonelyRunner.ModularPairCover.Prime353.block_86._proof_1_1 t=12.073s
con-ron: install 59100/59892 thm LonelyRunner.ModularPairCover.Prime353.block_36._proof_1_1 t=12.074s
con-ron: install 59200/59892 def LonelyRunner.signedCoordinates t=12.075s
con-ron: install 59300/59892 thm Quot.congr._proof_1 t=12.104s
con-ron: install 59400/59892 thm Submodule.bot_ext t=12.113s
con-ron: install 59500/59892 thm Pi.instStarModuleForall t=12.120s
con-ron: install 59600/59892 thm LonelyRunner.gramSchmidt_triangular_expansion._simp_1_1 t=12.125s
con-ron: install 59700/59892 thm Equiv.Perm.mem_sumCongrHom_range_of_perm_mapsTo_inl t=12.204s
con-ron: install 59800/59892 thm Fin.preimage_val_Iio_val t=12.209s
con-ron: install done: 59892/59892 declarations installed, 58925 checks pending t=13.916s (install 12.539s)
con-ron: check 100/58925 theorem noConfusion_of_Nat t=13.919s
con-ron: check 200/58925 definition Nat.lt_or_ge._f t=13.928s
con-ron: check 300/58925 definition AddMonoid.toAddZeroClass t=13.940s
con-ron: check 400/58925 theorem WellFounded.Nat.eager_eq t=13.946s
con-ron: check 500/58925 theorem Acc.inv t=13.954s
con-ron: check 600/58925 theorem eq_false' t=13.974s
con-ron: check 700/58925 definition Field.toCommRing t=13.981s
con-ron: check 800/58925 theorem sup_le_sup_left t=13.987s
con-ron: check 900/58925 theorem DivisionSemiring.toNontrivial t=13.997s
con-ron: check 1000/58925 theorem mul_one t=14.005s
con-ron: check 1100/58925 theorem Decidable.lt_or_eq_of_le t=14.021s
con-ron: check 1200/58925 theorem PosMulReflectLT.to_contravariantClass_pos_mul_lt t=14.033s
con-ron: check 1300/58925 theorem Distrib.right_distrib t=14.047s
con-ron: check 1400/58925 theorem neg_eq_of_add_eq_zero_left t=14.070s
con-ron: check 1500/58925 definition _private.Init.Data.Nat.Div.Basic.0.Nat.div_lt_self.match_1_1 t=14.088s
con-ron: check 1600/58925 theorem Option.some.injEq t=14.100s
con-ron: check 1700/58925 theorem List.pairwise_cons t=14.120s
con-ron: check 1800/58925 theorem List.pairwise_append_of_mem t=14.140s
con-ron: check 1900/58925 theorem Function.Injective.addMonoid._proof_1 t=14.168s
con-ron: check 2000/58925 theorem Nat.mul_lt_mul_of_pos_right t=14.188s
con-ron: check 2100/58925 theorem CauSeq.addGroup._proof_3 t=14.227s
con-ron: check 2200/58925 definition Pi.addCommMagma t=14.276s
con-ron: check 2300/58925 definition _private.Mathlib.Algebra.Order.CauSeq.Basic.0.CauSeq.mul_limZero_right.match_1_1 t=14.299s
con-ron: check 2400/58925 theorem Nat.lt_of_sub_ne_zero t=14.328s
con-ron: check 2500/58925 theorem Int.eq_succ_of_zero_lt t=14.350s
con-ron: check 2600/58925 definition _private.Init.Data.Int.DivMod.Bootstrap.0.Int.add_mul_ediv_right.match_1_1 t=14.367s
con-ron: check 2700/58925 theorem Int.mul_ediv_add_emod t=14.385s
con-ron: check 2800/58925 theorem Lean.Omega.IntList.gcd_dvd t=14.396s
con-ron: check 2900/58925 theorem List.map_cons t=14.429s
con-ron: check 3000/58925 theorem Lean.Omega.Int.ofNat_sub_eq_zero t=14.471s
con-ron: check 3100/58925 theorem Int.emod_lt_of_neg t=14.557s
con-ron: check 3200/58925 theorem Int.ediv_mul_cancel t=14.633s
con-ron: check 3300/58925 theorem Int.neg_tdiv t=14.674s
con-ron: check 3400/58925 definition _private.Init.Core.0.Decidable.not_and_iff_or_not.match_1_5 t=14.703s
con-ron: check 3500/58925 theorem Rat.commGroupWithZero._proof_2 t=14.727s
con-ron: check 3600/58925 theorem instDecidableForall._proof_1 t=14.742s
con-ron: check 3700/58925 theorem instDecidableEqRat.decEq._proof_4 t=14.777s
con-ron: check 3800/58925 theorem DFunLike.coe_injective t=14.798s
con-ron: check 3900/58925 theorem OrderIso.map_sup t=14.823s
con-ron: check 4000/58925 theorem Semiring.toGrindSemiring._proof_10 t=14.849s
con-ron: check 4100/58925 theorem Lean.Grind.Ring.toAddCommGroup._proof_2 t=14.877s
con-ron: check 4200/58925 theorem Lean.Grind.CommRing.Mon.mult.inj t=14.967s
con-ron: check 4300/58925 definition Lean.Grind.CommRing.Poly.addConst t=15.057s
con-ron: check 4400/58925 definition _private.Init.Data.Nat.Internal.Linear.0.Nat.Internal.Linear.PolyCnstr.eq_true_of_isValid.match_1_4 t=15.064s
con-ron: check 4500/58925 definition Lean.Grind.CommRing.instBEqPower.beq t=15.132s
con-ron: check 4600/58925 theorem instDecidableEqOrdering._proof_1 t=15.178s
con-ron: check 4700/58925 theorem Lean.Grind.CommRing.Expr.toPoly.match_4.congr_eq_4 t=15.237s
con-ron: check 4800/58925 definition CauSeq.instLEAbs t=15.321s
con-ron: check 4900/58925 definition Quotient.map t=15.380s
con-ron: check 5000/58925 theorem _private.Mathlib.Algebra.Order.CauSeq.Basic.0.CauSeq.pow_equiv_pow._simp_1_1 t=15.435s
con-ron: check 5100/58925 theorem map_zero t=15.573s
con-ron: check 5200/58925 theorem CauSeq.Completion.inv_zero t=15.636s
con-ron: check 5300/58925 theorem Real.commRing._proof_22 t=15.701s
con-ron: check 5400/58925 definition Real.instField t=15.768s
con-ron: check 5500/58925 definition Lean.Grind.Linarith.instBEqPoly t=15.790s
con-ron: check 5600/58925 theorem Lean.Data.AC.List.two_step_induction._proof_2 t=15.827s
con-ron: check 5700/58925 theorem Nat.eq_zero_of_le_zero t=15.908s
con-ron: check 5800/58925 theorem _private.Mathlib.Basic.Real.Basic.0.Real.instDistribLattice._simp_3 t=16.014s
con-ron: check 5900/58925 theorem CauSeq.inf_idem t=16.070s
con-ron: check 6000/58925 theorem Int.sub_lt_sub_left t=16.126s
con-ron: check 6100/58925 theorem Rat.cast_mkRat_of_ne_zero t=16.154s
con-ron: check 6200/58925 theorem Real.le_mk_of_forall_le t=16.198s
con-ron: check 6300/58925 definition RingHom.casesOn t=16.228s
con-ron: check 6400/58925 theorem Int.Internal.Linear.Expr.denote_toPoly'_go t=16.259s
con-ron: check 6500/58925 definition _private.Init.Data.List.Count.0.List.findIdx.go.match_1.splitter t=16.321s
con-ron: check 6600/58925 theorem _private.Init.Data.List.Pairwise.0.List.nodup_cons._simp_1_3 t=16.352s
con-ron: check 6700/58925 theorem exists_eq_right_right._simp_1 t=16.367s
con-ron: check 6800/58925 definition Finset.decidableMem t=16.398s
con-ron: check 6900/58925 theorem Multiset.ndinsert_of_mem t=16.434s
con-ron: check 7000/58925 definition _private.Mathlib.Data.Set.Basic.0.Set.nonempty_iff_univ_nonempty.match_1_3 t=16.459s
con-ron: check 7100/58925 definition GeneralizedHeytingAlgebra.toHImp t=16.467s
con-ron: check 7200/58925 definition GeneralizedBooleanAlgebra.toGeneralizedCoheytingAlgebra t=16.500s
con-ron: check 7300/58925 definition Set.instCompleteAtomicBooleanAlgebra t=16.518s
con-ron: check 7400/58925 theorem AddSubgroupClass.toAddGroup._proof_6 t=16.540s
con-ron: check 7500/58925 theorem Set.inter_subset_inter t=16.560s
con-ron: check 7600/58925 definition _private.Init.Data.List.Nat.Pairwise.0.List.Nodup.idxOf_getElem.match_1_1 t=16.580s
con-ron: check 7700/58925 theorem List.Pairwise.and_mem t=16.613s
con-ron: check 7800/58925 theorem exists_neg_mem_iff_exists_mem t=16.633s
con-ron: check 7900/58925 definition Subtype.preorder t=16.672s
con-ron: check 8000/58925 definition ConditionallyCompleteLattice.toInfSet t=16.715s
con-ron: check 8100/58925 definition Order.Frame.toHImp t=16.727s
con-ron: check 8200/58925 definition WithTop.lattice t=16.748s
con-ron: check 8300/58925 theorem bddAbove_empty._simp_2 t=16.776s
con-ron: check 8400/58925 theorem NNReal.instConditionallyCompleteLinearOrderBot._proof_10 t=16.805s
con-ron: check 8500/58925 theorem Option.instDecidableEq._proof_3 t=16.832s
con-ron: check 8600/58925 definition Set.insert t=16.858s
con-ron: check 8700/58925 definition _private.Mathlib.Order.Filter.Defs.0.Filter.mp_mem.match_1_1 t=16.884s
con-ron: check 8800/58925 definition WithTop.addMonoid.match_1 t=16.915s
con-ron: check 8900/58925 theorem WithTop.instMonoidWithZero._proof_2 t=16.953s
con-ron: check 9000/58925 theorem _private.Mathlib.Algebra.Order.Ring.Canonical.0.CanonicallyOrderedAdd.mul_pos._simp_1_3 t=16.993s
con-ron: check 9100/58925 theorem _private.Mathlib.Algebra.Order.GroupWithZero.Basic.0.inv_nonneg._simp_1_1 t=17.020s
con-ron: check 9200/58925 theorem ENNReal.natCast_ne_top t=17.084s
con-ron: check 9300/58925 theorem _private.Mathlib.Topology.Closure.0.subset_interior_iff_isOpen._simp_1_1 t=17.118s
con-ron: check 9400/58925 theorem subset_refl t=17.141s
con-ron: check 9500/58925 theorem Lean.Grind.AC.Expr.toSeq.induct_unfolding t=17.160s
con-ron: check 9600/58925 definition PseudoMetricSpace.edist t=17.191s
con-ron: check 9700/58925 theorem Real.le_sInf t=17.211s
con-ron: check 9800/58925 theorem SeminormedCommRing.toNonUnitalSeminormedCommRing._proof_10 t=17.239s
con-ron: check 9900/58925 theorem _private.Mathlib.Topology.ClusterPt.0.clusterPt_principal_iff_frequently._simp_1_2 t=17.252s
con-ron: check 10000/58925 theorem Set.coe_toFinset t=17.279s
con-ron: check 10100/58925 theorem _private.Mathlib.Topology.Separation.Basic.0.t1Space_TFAE._simp_1_7 t=17.301s
con-ron: check 10200/58925 theorem List.eq_replicate_iff t=17.317s
con-ron: check 10300/58925 theorem Lean.Grind.instCommRingInt._proof_5 t=17.365s
con-ron: check 10400/58925 theorem Std.LawfulOrderOrd.isGE_compare t=17.375s
con-ron: check 10500/58925 theorem _private.Init.Grind.Ordered.Ring.0.Lean.Grind.OrderedRing.le_of_intCast_le_intCast._proof_1_2 t=17.419s
con-ron: check 10600/58925 theorem _private.Mathlib.Topology.Separation.Basic.0.t1Space_TFAE._simp_1_16 t=17.453s
con-ron: check 10700/58925 definition GaloisCoinsertion.liftSemilatticeInf t=17.483s
con-ron: check 10800/58925 theorem OrderClosedTopology.isClosed_le' t=17.520s
con-ron: check 10900/58925 theorem _private.Mathlib.Order.Filter.Bases.Basic.0.Filter.HasBasis.eq_biInf._simp_1_1 t=17.560s
con-ron: check 11000/58925 theorem disjoint_nhdsSet_principal t=17.590s
con-ron: check 11100/58925 theorem Subtype.coe_le_coe._simp_1 t=17.624s
con-ron: check 11200/58925 definition _private.Mathlib.Order.WithBot.0.WithBot.le_bot_iff.match_1_1 t=17.656s
con-ron: check 11300/58925 theorem Metric.mem_ball t=17.691s
con-ron: check 11400/58925 definition Nonempty.some t=17.732s
con-ron: check 11500/58925 definition Homeomorph.casesOn t=17.760s
con-ron: check 11600/58925 theorem Set.snd_image_prod_subset t=17.799s
con-ron: check 11700/58925 theorem Filter.comap_iInf t=17.843s
con-ron: check 11800/58925 theorem List.Perm.append t=17.875s
con-ron: check 11900/58925 definition instFintypeProd t=17.898s
con-ron: check 12000/58925 theorem WithTop.mul_left_strictMono t=17.930s
con-ron: check 12100/58925 theorem AddGroupSeminorm.neg' t=17.960s
con-ron: check 12200/58925 theorem Topology.IsCoinducing.isOpen_preimage t=17.997s
con-ron: check 12300/58925 definition _private.Mathlib.Topology.Compactness.Compact.0.IsCompact.elim_directed_cover.match_1_5 t=18.025s
con-ron: check 12400/58925 theorem T25Space.t2_5 t=18.065s
con-ron: check 12500/58925 theorem TopologicalSpace.PseudoMetrizableSpace.regularSpace t=18.099s
con-ron: check 12600/58925 theorem Set.Pairwise.mono' t=18.128s
con-ron: check 12700/58925 theorem zsmul_eq_mul t=18.160s
con-ron: check 12800/58925 definition Int.instAddMonoid t=18.204s
con-ron: check 12900/58925 theorem Int.abs_fract t=18.270s
con-ron: check 13000/58925 theorem AddSubsemigroup.mem_carrier t=18.309s
con-ron: check 13100/58925 definition NormedField.toNorm t=18.338s
con-ron: check 13200/58925 theorem Units.instMonoid._proof_4 t=18.353s
con-ron: check 13300/58925 theorem _private.Mathlib.Algebra.Order.Ring.WithTop.0.WithTop.mul_right_strictMono._simp_1_4 t=18.378s
con-ron: check 13400/58925 theorem NormedField.toNormedCommRing._proof_2 t=18.425s
con-ron: check 13500/58925 theorem NeZero.pos t=18.492s
con-ron: check 13600/58925 theorem Mathlib.Meta.NormNum.isRat_neg t=18.565s
con-ron: check 13700/58925 theorem LonelyRunner.sporadic2_value._simp_1_3 t=18.670s
con-ron: check 13800/58925 theorem mul_left_injective₀ t=19.091s
con-ron: check 13900/58925 theorem LonelyRunner.reduced_denominator_le_twice_max_sub_one._proof_1_6 t=19.221s
con-ron: check 14000/58925 theorem _private.Init.Data.List.Range.0.List.mem_range'._simp_1_11 t=19.329s
con-ron: check 14100/58925 definition Finset.Ico t=19.490s
con-ron: check 14200/58925 theorem StrongNormalizedGCDMonoid.normalize_lcm t=19.550s
con-ron: check 14300/58925 definition Lean.Grind.CommRing.Mon.denote'.go t=19.650s
con-ron: check 14400/58925 theorem OfNat.ofNat_eq_ofNat._simp_1 t=19.939s
con-ron: check 14500/58925 theorem LonelyRunner.uc_character_inequalities_bound._proof_1_91 t=20.365s
con-ron: check 14600/58925 theorem LonelyRunner.good_ray_character_upper t=23.841s
con-ron: check 14700/58925 theorem LonelyRunner.example_torus_all_directions t=25.017s
con-ron: check 14800/58925 definition Equiv.prodCongr.match_1 t=25.031s
con-ron: check 14900/58925 theorem Finset.mem_insertNone._simp_1 t=25.051s
con-ron: check 15000/58925 definition instZeroENat t=25.083s
con-ron: check 15100/58925 definition _private.Mathlib.SetTheory.Cardinal.SchroederBernstein.0.Function.Embedding.min_injective.match_1_9 t=25.106s
con-ron: check 15200/58925 theorem _private.Mathlib.Order.SuccPred.Basic.0.SuccOrder.ofLinearWellFoundedLT._simp_1 t=25.131s
con-ron: check 15300/58925 theorem Cardinal.canonicallyOrderedAdd t=25.155s
con-ron: check 15400/58925 definition LinearOrderedAddCommMonoidWithTop.toAddCommMonoid t=25.182s
con-ron: check 15500/58925 theorem _private.Mathlib.Data.Finset.Lattice.Basic.0.Finset.instDistribLattice._simp_1 t=25.219s
con-ron: check 15600/58925 theorem Multiset.coe_foldr_swap t=25.249s
con-ron: check 15700/58925 theorem List.cons_bagInter t=25.273s
con-ron: check 15800/58925 theorem _private.Mathlib.Data.Finset.SDiff.0.Finset.sdiff_union_of_subset._proof_1_1 t=25.328s
con-ron: check 15900/58925 theorem _private.Mathlib.Topology.Algebra.InfiniteSum.SummationFilter.0.SummationFilter.comap_unconditional._simp_1_4 t=25.361s
con-ron: check 16000/58925 theorem ENNReal.nhds_top' t=25.395s
con-ron: check 16100/58925 theorem StrictMono.isEmbedding_of_ordConnected t=25.429s
con-ron: check 16200/58925 theorem Set.toFinset_congr t=25.461s
con-ron: check 16300/58925 theorem Set.encard_lt_top_iff t=25.494s
con-ron: check 16400/58925 theorem Filter.eventuallySubset_iff_mem_inf_principal t=25.533s
con-ron: check 16500/58925 theorem le_iSup₂_of_le t=25.583s
con-ron: check 16600/58925 theorem not_bddAbove_iff t=25.626s
con-ron: check 16700/58925 theorem RingHom.id._proof_3 t=25.692s
con-ron: check 16800/58925 definition instLinearOrderNNRat._aux_1 t=25.736s
con-ron: check 16900/58925 theorem ENNReal.tendsto_coe._simp_1 t=25.783s
con-ron: check 17000/58925 theorem Prod.subNegMonoid._proof_2 t=25.837s
con-ron: check 17100/58925 theorem Set.biInter_subset_biInter_left t=25.877s
con-ron: check 17200/58925 theorem Multiset.mem_sigma t=25.933s
con-ron: check 17300/58925 definition Nat.log2 t=25.964s
con-ron: check 17400/58925 theorem isLUB_iSup t=26.053s
con-ron: check 17500/58925 definition Filter.ofCountableInter t=26.078s
con-ron: check 17600/58925 theorem PLift.down_surjective t=26.163s
con-ron: check 17700/58925 theorem disjointed_subset t=26.192s
con-ron: check 17800/58925 theorem Set.finite_range_const t=26.215s
con-ron: check 17900/58925 theorem MeasureTheory.AEEqFun.instAddGroup._proof_2 t=26.242s
con-ron: check 18000/58925 definition pow_succ_nonneg._f t=26.293s
con-ron: check 18100/58925 theorem isMin_bot t=26.345s
con-ron: check 18200/58925 theorem RingEquiv.map_mul' t=26.382s
con-ron: check 18300/58925 theorem Complex.normSq_I t=26.459s
con-ron: check 18400/58925 theorem Complex.instField._proof_2 t=26.549s
con-ron: check 18500/58925 theorem map_sub t=26.625s
con-ron: check 18600/58925 theorem Real.exp_add t=26.721s
con-ron: check 18700/58925 theorem Complex.instNormedAlgebraOfReal._proof_1 t=26.774s
con-ron: check 18800/58925 theorem AddSubmonoid.instCompleteLattice._proof_13 t=26.828s
con-ron: check 18900/58925 definition AlgHom.funLike t=26.925s
con-ron: check 19000/58925 theorem toDual_covBy_toDual_iff._simp_1 t=26.995s
con-ron: check 19100/58925 definition Mathlib.Tactic.FieldSimp.NF.instPowNat t=27.044s
con-ron: check 19200/58925 definition _private.Mathlib.Tactic.NormNum.Ineq.0.Mathlib.Meta.NormNum.isRat_lt_true.match_1_1 t=27.168s
con-ron: check 19300/58925 theorem Lean.Grind.not_false t=27.248s
con-ron: check 19400/58925 theorem Complex.sin_zero t=27.416s
con-ron: check 19500/58925 theorem StrictAntiOn.le_iff_ge t=27.448s
con-ron: check 19600/58925 theorem _private.Mathlib.MeasureTheory.Function.SimpleFunc.0.MeasureTheory.SimpleFunc.lintegral_eq_of_subset._simp_1_3 t=27.479s
con-ron: check 19700/58925 theorem MeasureTheory.Measure.instPartialOrder._proof_3 t=27.515s
con-ron: check 19800/58925 theorem _private.Mathlib.MeasureTheory.Measure.AEDisjoint.0.MeasureTheory.exists_null_pairwise_disjoint_sdiff._simp_1_8 t=27.539s
con-ron: check 19900/58925 theorem MeasureTheory.SimpleFunc.map_lintegral t=27.603s
con-ron: check 20000/58925 theorem sdiff_sdiff_eq_self t=27.645s
con-ron: check 20100/58925 theorem Filter.Inf.isCountablyGenerated t=27.703s
con-ron: check 20200/58925 theorem TopologicalSpace.IsTopologicalBasis.sdiff_empty t=27.730s
con-ron: check 20300/58925 theorem Set.mem_iUnion₂_of_mem t=27.755s
con-ron: check 20400/58925 definition _private.Mathlib.Topology.UniformSpace.Cauchy.0.isCompact_iff_totallyBounded_isComplete.match_1_5 t=27.804s
con-ron: check 20500/58925 theorem MeasurableSpace.comap._proof_1 t=27.852s
con-ron: check 20600/58925 theorem _private.Mathlib.MeasureTheory.Constructions.BorelSpace.Order.0.Measurable.isLUB._simp_1_1 t=27.892s
con-ron: check 20700/58925 theorem exists_floor t=27.927s
con-ron: check 20800/58925 theorem MeasureTheory.OuterMeasure.addCommMonoid._proof_3 t=27.981s
con-ron: check 20900/58925 theorem iSup_and' t=28.026s
con-ron: check 21000/58925 theorem _private.Mathlib.Data.Set.Lattice.Image.0.Set.image_iUnion._simp_1_3 t=28.101s
con-ron: check 21100/58925 theorem Monotone.iUnion_comp_tendsto_atTop t=28.151s
con-ron: check 21200/58925 theorem IsGreatest.eq_1 t=28.187s
con-ron: check 21300/58925 theorem PseudoMetricSpace.replaceUniformity._proof_1 t=28.233s
con-ron: check 21400/58925 theorem sInf_apply_eq_sInf_image t=28.263s
con-ron: check 21500/58925 theorem MeasurableEquiv.self_comp_symm t=28.301s
con-ron: check 21600/58925 theorem ContinuousWithinAt.congr_of_eventuallyEq t=28.339s
con-ron: check 21700/58925 definition Prod.SubtractionCommMonoid.match_1 t=28.377s
con-ron: check 21800/58925 theorem clusterPt_iff_forall_mem_closure t=28.444s
con-ron: check 21900/58925 theorem _private.Mathlib.Topology.Inseparable.0.specializes_iff_forall_closed._proof_1_2 t=28.478s
con-ron: check 22000/58925 theorem Complex.one_cpow t=28.533s
con-ron: check 22100/58925 theorem _private.Mathlib.Algebra.Ring.Periodic.0.Function.Periodic.nsmul._simp_1_1 t=28.620s
con-ron: check 22200/58925 theorem _private.Mathlib.Topology.MetricSpace.Antilipschitz.0.antilipschitzWith_iff_le_mul_dist._simp_1_1 t=28.692s
con-ron: check 22300/58925 theorem NNReal.div_rpow t=28.732s
con-ron: check 22400/58925 theorem OrderDual.instSMulWithZero_1._proof_1 t=28.808s
con-ron: check 22500/58925 theorem Fin.succAbove_right_injective t=29.041s
con-ron: check 22600/58925 theorem _private.Mathlib.Order.Filter.SmallSets.0.Filter.eventually_smallSets_eventually._simp_1_3 t=29.076s
con-ron: check 22700/58925 theorem Real.sInf_smul_of_nonneg t=29.131s
con-ron: check 22800/58925 theorem List.forall_iff_forall_mem t=29.156s
con-ron: check 22900/58925 theorem _private.Init.Data.List.Nat.TakeDrop.0.List.lt_length_left_of_zipWith._proof_1_1 t=29.192s
con-ron: check 23000/58925 theorem _private.Mathlib.Topology.MetricSpace.HausdorffDistance.0.Metric.infDist_le_infDist_add_dist._simp_1_2 t=29.311s
con-ron: check 23100/58925 theorem OrderDual.borelSpace t=29.345s
con-ron: check 23200/58925 theorem _private.Mathlib.Topology.Order.IsLUB.0.eventually_le_const_iff_forall_gt_eventually_lt_const._proof_1_1 t=29.389s
con-ron: check 23300/58925 theorem ENNReal.ae_eq_zero_of_lintegral_rpow_eq_zero t=29.446s
con-ron: check 23400/58925 definition Real.HolderTriple.casesOn t=29.508s
con-ron: check 23500/58925 theorem Filter.Germ.instAddCommSemigroup._proof_1 t=29.574s
con-ron: check 23600/58925 theorem MeasureTheory.Lp.instNormedAddCommGroup._proof_21 t=29.722s
con-ron: check 23700/58925 definition OrderIso.limsup_apply._auto_3 t=29.802s
con-ron: check 23800/58925 theorem Filter.mem_comap._simp_1 t=29.892s
con-ron: check 23900/58925 theorem AddSubgroup.subtype._proof_1 t=29.950s
con-ron: check 24000/58925 definition SMulZeroClass.toZeroHom t=30.056s
con-ron: check 24100/58925 theorem MeasureTheory.FinMeasAdditive.map_empty_eq_zero t=30.104s
con-ron: check 24200/58925 theorem MeasureTheory.weightedSMul_null t=30.216s
con-ron: check 24300/58925 theorem map_zpow₀ t=30.311s
con-ron: check 24400/58925 theorem ContinuousLinearMap.topologicalSpace._proof_3 t=30.395s
con-ron: check 24500/58925 theorem UniformConvergenceCLM.instAddCommGroup._proof_6 t=30.509s
con-ron: check 24600/58925 theorem UniformFun.iInf_eq t=30.569s
con-ron: check 24700/58925 definition _private.Mathlib.Algebra.Order.Field.Basic.0.exists_pos_lt_mul.match_1_1 t=30.652s
con-ron: check 24800/58925 definition TwoSidedIdeal.ringCon t=30.792s
con-ron: check 24900/58925 theorem NonUnitalRingHomClass.toAddMonoidHomClass t=30.825s
con-ron: check 25000/58925 theorem Finsupp.instAdd._proof_1 t=30.887s
con-ron: check 25100/58925 definition Std.LawfulOrderMax.of_max_le_iff._auto_1 t=30.908s
con-ron: check 25200/58925 theorem Fin.neg._proof_1 t=30.967s
con-ron: check 25300/58925 theorem Lean.Grind.CommRing.Poly.combineC._unary.induct_unfolding t=31.105s
con-ron: check 25400/58925 theorem Set.inter_iUnion₂ t=31.186s
con-ron: check 25500/58925 theorem Set.sdiff_eq_empty t=31.242s
con-ron: check 25600/58925 theorem Multiset.card_bind t=31.300s
con-ron: check 25700/58925 theorem Set.neg_singleton t=31.349s
con-ron: check 25800/58925 theorem Set.neg_subset t=31.431s
con-ron: check 25900/58925 theorem Finsupp.lhom_ext' t=31.492s
con-ron: check 26000/58925 theorem _private.Mathlib.Analysis.Normed.Module.Seminorm.Basic.0.Seminorm.ball_smul_closedBall._simp_1_3 t=31.556s
con-ron: check 26100/58925 theorem Filter.map_eq_of_inverse t=31.627s
con-ron: check 26200/58925 theorem LinearMap.instDistribMulAction._proof_2 t=31.708s
con-ron: check 26300/58925 theorem Lean.Grind.Bool.ne_of_eq_false_of_eq_true t=31.787s
con-ron: check 26400/58925 theorem linearIndepOn_iUnion_of_directed t=31.873s
con-ron: check 26500/58925 theorem LinearIndependent.disjoint_span_image t=31.930s
con-ron: check 26600/58925 theorem Finsupp.ext_iff t=32.005s
con-ron: check 26700/58925 theorem LinearIndependent.linearCombination_repr t=32.084s
con-ron: check 26800/58925 theorem WellFoundedLT.conditionallyCompleteLinearOrderBot._proof_2 t=32.145s
con-ron: check 26900/58925 definition Function.invFunOn t=32.224s
con-ron: check 27000/58925 theorem bot_isPrincipal t=32.308s
con-ron: check 27100/58925 theorem rankCondition_of_strongRankCondition t=32.376s
con-ron: check 27200/58925 theorem Cardinal.lift_eq_id t=32.420s
con-ron: check 27300/58925 theorem Ordinal.liftOnWellOrder._proof_1 t=32.481s
con-ron: check 27400/58925 definition RelIso.toInitialSeg t=32.515s
con-ron: check 27500/58925 theorem _private.Mathlib.Order.InitialSeg.0.collapseF._proof_4 t=32.547s
con-ron: check 27600/58925 theorem Cardinal.sum_const t=32.585s
con-ron: check 27700/58925 theorem Ordinal.addMonoidWithOne._proof_5 t=32.622s
con-ron: check 27800/58925 definition _private.Mathlib.SetTheory.Ordinal.Basic.0.Ordinal.lift_type_le.match_1_3 t=32.653s
con-ron: check 27900/58925 definition instDecidableEqProd t=32.696s
con-ron: check 28000/58925 definition PartialOrder.casesOn t=32.739s
con-ron: check 28100/58925 theorem ULift.down_compare t=32.786s
con-ron: check 28200/58925 theorem Ordinal.preOmega_le_of_forall_lt t=32.836s
con-ron: check 28300/58925 theorem _private.Mathlib.SetTheory.Cardinal.Cofinality.Ordinal.0.Ordinal.cof_eq_one_iff._simp_1_1 t=32.867s
con-ron: check 28400/58925 theorem List.Vector.ofFn._proof_1 t=32.917s
con-ron: check 28500/58925 theorem Function.Injective.of_comp_iff t=32.964s
con-ron: check 28600/58925 theorem OneMemClass.one_mem t=33.023s
con-ron: check 28700/58925 theorem Subsemiring.subtype._proof_1 t=33.068s
con-ron: check 28800/58925 theorem Subsemiring.instTop._proof_1 t=33.105s
con-ron: check 28900/58925 definition MvPolynomial.C t=33.182s
con-ron: check 29000/58925 theorem SubringClass.toNonAssocRing._proof_3 t=33.274s
con-ron: check 29100/58925 theorem Finset.sup'_induction t=33.365s
con-ron: check 29200/58925 definition RingHom.codRestrict t=33.403s
con-ron: check 29300/58925 theorem NonUnitalAlgHomClass.instLinearMapClass t=33.479s
con-ron: check 29400/58925 theorem Polynomial.toFinsupp_monomial t=33.564s
con-ron: check 29500/58925 theorem Finsupp.sum_mul t=33.613s
con-ron: check 29600/58925 definition Polynomial.degreeLE t=33.714s
con-ron: check 29700/58925 theorem _private.Mathlib.Data.Finset.NAry.0.Finset.forall_mem_image₂._simp_1_1 t=33.770s
con-ron: check 29800/58925 theorem _private.Init.Grind.Ring.Envelope.0.Lean.Grind.Ring.OfSemiring.exists_true._simp_1 t=33.959s
con-ron: check 29900/58925 theorem _private.Mathlib.Algebra.Polynomial.Basic.0.Polynomial.wrapped._proof_1._@.Mathlib.Algebra.Polynomial.Basic.2141038364._hygCtx._hyg.2 t=34.081s
con-ron: check 30000/58925 theorem Subsemiring.comap._proof_6 t=34.141s
con-ron: check 30100/58925 theorem AddMonoidHom.ker._proof_3 t=34.183s
con-ron: check 30200/58925 theorem Module.Finite.span_of_finite t=34.228s
con-ron: check 30300/58925 theorem _private.Mathlib.Topology.UniformSpace.Pi.0.cauchy_pi_iff'._simp_1_1 t=34.428s
con-ron: check 30400/58925 theorem Submodule.uniqueBot._proof_1 t=34.468s
con-ron: check 30500/58925 theorem Submodule.liftQ._proof_2 t=34.536s
con-ron: check 30600/58925 definition _private.Mathlib.LinearAlgebra.Dimension.Basic.0.Submodule.rank_mono.match_1_1 t=34.618s
con-ron: check 30700/58925 definition Submodule.projectionOnto t=34.726s
con-ron: check 30800/58925 theorem DivisionRing.hasRankNullity t=34.811s
con-ron: check 30900/58925 theorem Module.instFintypeElemExtendOfFiniteSubtypeMemSubmoduleSpan._proof_1 t=34.880s
con-ron: check 31000/58925 theorem Set.image_vadd t=34.958s
con-ron: check 31100/58925 theorem Filter.iInf_eq_generate t=35.046s
con-ron: check 31200/58925 theorem _private.Mathlib.Order.Filter.Pi.0.Filter.mem_pi._simp_1_2 t=35.133s
con-ron: check 31300/58925 theorem _private.Mathlib.Analysis.MeanInequalities.0.NNReal.inner_le_Lp_mul_Lp_of_norm_le_one t=35.188s
con-ron: check 31400/58925 theorem coe_nnreal_ennreal_nndist t=35.265s
con-ron: check 31500/58925 definition PiLp.single t=35.318s
con-ron: check 31600/58925 theorem inner_zero_left t=35.429s
con-ron: check 31700/58925 theorem sum_inner t=35.525s
con-ron: check 31800/58925 theorem Submodule.isTopCompl_orthogonal t=35.627s
con-ron: check 31900/58925 theorem instArchimedeanNNRat t=35.704s
con-ron: check 32000/58925 theorem Module.Finite.trans t=35.865s
con-ron: check 32100/58925 theorem LocallyCompactSpace.of_hasBasis t=35.931s
con-ron: check 32200/58925 theorem Set.iUnion_inter t=36.039s
con-ron: check 32300/58925 theorem MeasureTheory.setToFun_congr_ae t=36.172s
con-ron: check 32400/58925 theorem MeasureTheory.OuterMeasure.sum._proof_2 t=36.259s
con-ron: check 32500/58925 theorem Metric.mem_eball_self t=36.298s
con-ron: check 32600/58925 theorem compl_inf_eq_bot t=36.338s
con-ron: check 32700/58925 theorem MeasureTheory.Measure.FiniteSpanningSetsIn.mono'._proof_1 t=36.377s
con-ron: check 32800/58925 theorem IsCompact.inter_left t=36.427s
con-ron: check 32900/58925 theorem _private.Mathlib.MeasureTheory.Measure.Stieltjes.0.StieltjesFunction.length_subadditive_Icc_Ioo._simp_1_3 t=36.473s
con-ron: check 33000/58925 theorem Nat.le_floor t=36.543s
con-ron: check 33100/58925 theorem _private.Mathlib.MeasureTheory.Measure.Stieltjes.0.StieltjesFunction.measure_Ioo._simp_1_1 t=36.595s
con-ron: check 33200/58925 theorem MeasureTheory.sum_sfiniteSeq t=36.721s
con-ron: check 33300/58925 theorem _private.Mathlib.Data.Set.Prod.0.Set.prod_inter_prod._simp_1_1 t=36.763s
con-ron: check 33400/58925 definition MeasureTheory.Measure.QuasiMeasurePreserving._auto_3 t=36.818s
con-ron: check 33500/58925 theorem MeasureTheory.measurePreserving_prod_add t=36.871s
con-ron: check 33600/58925 theorem MeasureTheory.measure_add_right_null t=36.936s
con-ron: check 33700/58925 definition AddUnits.instAddAction t=36.988s
con-ron: check 33800/58925 theorem TopologicalSpace.Opens.comap._proof_6 t=37.049s
con-ron: check 33900/58925 theorem MeasureTheory.eLpNorm_congr_norm_ae t=37.139s
con-ron: check 34000/58925 definition Filter.seq.match_3 t=37.205s
con-ron: check 34100/58925 theorem Filter.isCobounded_ge_of_top t=37.251s
con-ron: check 34200/58925 theorem MeasureTheory.AEStronglyMeasurable.fun_const_smul t=37.392s
con-ron: check 34300/58925 theorem MeasureTheory.SimpleFunc.setToSimpleFunc_indicator t=37.481s
con-ron: check 34400/58925 theorem MeasureTheory.Measure.AbsolutelyContinuous.trans t=37.652s
con-ron: check 34500/58925 theorem _private.Mathlib.MeasureTheory.Integral.SetToL1.Function.0.MeasureTheory.tendsto_setToFun_of_L1._abel_1_2 t=37.800s
con-ron: check 34600/58925 theorem Filter.Tendsto.zero_smul t=37.898s
con-ron: check 34700/58925 theorem Disjoint.exists_uniform_thickening_of_basis t=37.976s
con-ron: check 34800/58925 theorem LinearPMap.semilatticeInf._proof_3 t=38.072s
con-ron: check 34900/58925 theorem Mathlib.Tactic.Module.NF.eval_cons t=38.353s
con-ron: check 35000/58925 theorem OrderIso.toGaloisCoinsertion._proof_2 t=38.436s
con-ron: check 35100/58925 theorem isOpenMap_sub_right t=38.502s
con-ron: check 35200/58925 theorem _private.Mathlib.MeasureTheory.Function.LpSpace.Basic.0.LipschitzWith.norm_compLp_sub_le._simp_1_1 t=38.736s
con-ron: check 35300/58925 theorem Pi.sub_apply t=38.876s
con-ron: check 35400/58925 theorem LowerSemicontinuousWithinAt.add' t=38.944s
con-ron: check 35500/58925 theorem MeasureTheory.L1.SimpleFunc.negPart.eq_1 t=39.044s
con-ron: check 35600/58925 theorem EReal.instSubNegZeroMonoid._proof_4 t=39.149s
con-ron: check 35700/58925 theorem EReal.bot_lt_add_iff t=39.186s
con-ron: check 35800/58925 theorem EReal.toReal_coe_ennreal t=39.219s
con-ron: check 35900/58925 theorem _private.Mathlib.Analysis.Asymptotics.Defs.0.Asymptotics.wrapped._proof_1._@.Mathlib.Analysis.Asymptotics.Defs.126441222._hygCtx._hyg.2 t=39.345s
con-ron: check 36000/58925 theorem Asymptotics.IsLittleO.congr' t=39.432s
con-ron: check 36100/58925 theorem Asymptotics.IsLittleOTVS.mono t=39.573s
con-ron: check 36200/58925 theorem StandardBorelSpace.instMeasurableEq t=39.695s
con-ron: check 36300/58925 theorem Filter.addLeftMono t=39.770s
con-ron: check 36400/58925 theorem MulOpposite.instAddCommMonoid._proof_2 t=39.861s
con-ron: check 36500/58925 theorem IsBoundedBilinearMap.toContinuousLinearMap._proof_6 t=39.975s
con-ron: check 36600/58925 theorem ContinuousAt.prodMap t=40.195s
con-ron: check 36700/58925 theorem ContinuousMultilinearMap.toMultilinearMap_zero t=40.310s
con-ron: check 36800/58925 theorem ContinuousMultilinearMap.isLeast_opNorm t=40.410s
con-ron: check 36900/58925 theorem LinearMap.uncurryLeft._proof_1 t=40.573s
con-ron: check 37000/58925 theorem ContinuousLinearMap.smulCommClass t=40.649s
con-ron: check 37100/58925 theorem ContinuousMultilinearMap.apply_zero_uncurry0 t=40.873s
con-ron: check 37200/58925 theorem AffineMap.instAddTorsor._proof_5 t=40.981s
con-ron: check 37300/58925 theorem image_norm_le_of_norm_deriv_right_le_deriv_boundary t=41.133s
con-ron: check 37400/58925 theorem ContinuousMultilinearMap.toMultilinearMap_smul t=41.306s
con-ron: check 37500/58925 theorem instAddGroupUniformFun._proof_2 t=41.484s
con-ron: check 37600/58925 theorem _private.Mathlib.Analysis.Calculus.TangentCone.Basic.0.tangentConeAt_mono_nhds._simp_1_1 t=41.628s
con-ron: check 37700/58925 theorem Int.Internal.Linear.cmod_gt_of_pos t=41.709s
con-ron: check 37800/58925 theorem Array.foldl_toList t=41.819s
con-ron: check 37900/58925 theorem _private.Mathlib.Data.List.Nodup.0.List.nodup_reverse._simp_1_1 t=41.858s
con-ron: check 38000/58925 theorem _private.Mathlib.Combinatorics.Enumerative.Composition.0.compositionAsSetEquiv._simp_15 t=41.916s
con-ron: check 38100/58925 theorem _private.Init.Data.List.Sort.Basic.0.List.mergeSort._unary.eq_def t=42.041s
con-ron: check 38200/58925 theorem List.SortedLE.sortedLT_of_nodup t=42.213s
con-ron: check 38300/58925 definition _private.Init.Data.Fin.Basic.0.Fin.exists_iff.match_1_3 t=42.265s
con-ron: check 38400/58925 theorem Finset.prod_equiv t=42.342s
con-ron: check 38500/58925 theorem Set.indicator_compl' t=42.421s
con-ron: check 38600/58925 theorem FormalMultilinearSeries.partialSum_continuous t=42.560s
con-ron: check 38700/58925 theorem FormalMultilinearSeries.compChangeOfVariables._proof_2 t=42.661s
con-ron: check 38800/58925 theorem List.forall₂_nil_left_iff._simp_1 t=42.708s
con-ron: check 38900/58925 definition instFintypeSum t=42.849s
con-ron: check 39000/58925 theorem nnnorm_map t=43.093s
con-ron: check 39100/58925 theorem CauchyFilter.instUniformSpace._proof_1 t=43.216s
con-ron: check 39200/58925 definition AbstractCompletion.map₂ t=43.254s
con-ron: check 39300/58925 theorem UniformSpace.Completion.continuous_map t=43.296s
con-ron: check 39400/58925 theorem UniformSpace.Completion.uniformContinuous_coe t=43.338s
con-ron: check 39500/58925 theorem UniformOnFun.uniformity_eq t=43.476s
con-ron: check 39600/58925 theorem _private.Mathlib.Topology.Separation.Hausdorff.0.SeparationQuotient.t2Space_iff._simp_1_2 t=43.546s
con-ron: check 39700/58925 theorem IsUnit.unit_of_val_units t=43.643s
con-ron: check 39800/58925 theorem comp_mul_right t=43.673s
con-ron: check 39900/58925 theorem Finset.Nat.sum_antidiagonal_eq_sum_range_succ_mk t=43.762s
con-ron: check 40000/58925 theorem Finset.insert_subset_iff t=43.944s
con-ron: check 40100/58925 definition MultilinearMap.toLinearMap t=44.305s
con-ron: check 40200/58925 definition List.norm_prod_le'._f t=44.406s
con-ron: check 40300/58925 theorem ContinuousWithinAt.cexp t=44.563s
con-ron: check 40400/58925 theorem Fin.one_mul t=44.643s
con-ron: check 40500/58925 theorem LonelyRunner.intDist_plane_fract t=44.961s
con-ron: check 40600/58925 theorem Equiv.refl_trans t=45.089s
con-ron: check 40700/58925 definition Equiv.Perm.signAux t=45.122s
con-ron: check 40800/58925 theorem Equiv.Perm.signAux3._proof_1 t=45.194s
con-ron: check 40900/58925 theorem openSegment_symm t=45.328s
con-ron: check 41000/58925 theorem LinearMap.dualMap_comp_dualMap t=45.585s
con-ron: check 41100/58925 theorem LinearMap.sum_apply t=45.764s
con-ron: check 41200/58925 theorem DFinsupp.instAdd._proof_1 t=46.061s
con-ron: check 41300/58925 theorem sigmaFinsuppEquivDFinsupp._proof_1 t=46.116s
con-ron: check 41400/58925 theorem Submonoid.instCompleteLattice._proof_14 t=46.209s
con-ron: check 41500/58925 definition Matrix.adjp t=46.258s
con-ron: check 41600/58925 theorem Finset.nonempty_iff_eq_singleton_default t=46.311s
con-ron: check 41700/58925 theorem Matrix.det_transpose t=46.389s
con-ron: check 41800/58925 theorem Fin.le_coe_natAdd t=46.482s
con-ron: check 41900/58925 theorem _private.Mathlib.Logic.Equiv.Basic.0.Function.Injective.map_swap._proof_1_1 t=46.557s
con-ron: check 42000/58925 definition LonelyRunner.LonelyRunnerConjecture t=46.800s
con-ron: check 42100/58925 definition PiLp.topologicalSpace t=47.154s
con-ron: check 42200/58925 theorem Submodule.IsPrincipal.mem_iff_eq_smul_generator t=47.245s
con-ron: check 42300/58925 theorem Module.basisOfFiniteTypeTorsionFree._proof_6 t=47.476s
con-ron: check 42400/58925 definition Module.basisOfFiniteTypeTorsionFree t=47.907s
con-ron: check 42500/58925 theorem DiscreteTopology.isDiscrete t=48.024s
con-ron: check 42600/58925 theorem IsDiscrete.nhdsWithin t=48.073s
con-ron: check 42700/58925 theorem RingCon.instAddMonoidQuotient._proof_4 t=48.190s
con-ron: check 42800/58925 theorem Ideal.Quotient.groupWithZero._proof_2 t=48.271s
con-ron: check 42900/58925 theorem _private.Mathlib.LinearAlgebra.InvariantBasisNumber.0.inducedEquiv._proof_6 t=48.420s
con-ron: check 43000/58925 theorem Algebra.ofModule._proof_2 t=48.487s
con-ron: check 43100/58925 theorem linearIndepOn_insert t=48.580s
con-ron: check 43200/58925 definition Fin.encodable t=48.659s
con-ron: check 43300/58925 theorem _private.Mathlib.MeasureTheory.Measure.Haar.OfBasis.0.mem_parallelepiped_iff._simp_1_2 t=48.766s
con-ron: check 43400/58925 theorem _private.Mathlib.Topology.MetricSpace.Bounded.0.Metric.isBounded_image_iff._simp_1_1 t=48.834s
con-ron: check 43500/58925 theorem AlternatingMap.constLinearEquivOfIsEmpty._proof_2 t=48.937s
con-ron: check 43600/58925 theorem _private.Mathlib.Logic.Equiv.Basic.0.Equiv.swap_apply_self._proof_1_1 t=49.081s
con-ron: check 43700/58925 theorem Matrix.module._proof_1 t=49.152s
con-ron: check 43800/58925 theorem Matrix.det_comm' t=49.400s
con-ron: check 43900/58925 theorem LinearMap.det_conj t=49.582s
con-ron: check 44000/58925 definition List.TProd.ext._f t=49.629s
con-ron: check 44100/58925 theorem Matrix.diagonal_eq_diagonal_iff t=49.685s
con-ron: check 44200/58925 theorem Matrix.TransvectionStruct.reverse_inv_prod_mul_prod t=49.851s
con-ron: check 44300/58925 theorem MeasurableEquiv.piUnique._proof_4 t=49.965s
con-ron: check 44400/58925 theorem sameRay_neg_smul_right_iff_of_ne t=50.194s
con-ron: check 44500/58925 theorem IsAddUnit.add t=50.277s
con-ron: check 44600/58925 theorem _private.Mathlib.MeasureTheory.Measure.Haar.OfBasis.0.parallelepiped_single._simp_1_4 t=50.499s
con-ron: check 44700/58925 theorem NNReal.instModuleOfReal._proof_2 t=50.642s
con-ron: check 44800/58925 theorem IsTopologicalAddTorsor.toContinuousVAdd t=50.716s
con-ron: check 44900/58925 theorem Finset.weightedVSub_eq_weightedVSubOfPoint_of_sum_eq_zero t=50.764s
con-ron: check 45000/58925 theorem dist_vadd_left t=50.831s
con-ron: check 45100/58925 theorem AffineSubspace.ext_iff t=50.969s
con-ron: check 45200/58925 theorem _private.Mathlib.Data.Finset.Basic.0.Finset.filter_insert._proof_1_1 t=51.116s
con-ron: check 45300/58925 theorem AffineEquiv.equivUnitsAffineMap._proof_5 t=51.261s
con-ron: check 45400/58925 theorem Set.instFintypeIcc._proof_1 t=51.480s
con-ron: check 45500/58925 definition _private.Mathlib.Data.Fin.Tuple.Basic.0.Fin.sigma_eq_of_eq_comp_cast.match_1_1 t=51.664s
con-ron: check 45600/58925 theorem _private.Mathlib.Data.List.Permutation.0.List.mem_foldr_permutationsAux2._simp_1_9 t=52.209s
con-ron: check 45700/58925 theorem LonelyRunner.repeatRowExpansion8._proof_1_1 t=233.417s
con-ron: check 45800/58925 theorem LonelyRunner.repeatCheck1_5 t=415.009s
con-ron: check 45900/58925 definition LonelyRunner.repeatCodes4_9 t=743.191s
con-ron: check 46000/58925 theorem LonelyRunner.repeatCheck8_2._proof_1_1 t=1195.131s
con-ron: check 46100/58925 theorem LonelyRunner.repeat_exception_3 t=1378.308s
con-ron: check 46200/58925 theorem LonelyRunner.repeat_exception_23 t=1378.915s
con-ron: check 46300/58925 theorem LonelyRunner.repeat_exception_43 t=1379.520s
con-ron: check 46400/58925 theorem LonelyRunner.repeat_exception_63 t=1380.119s
con-ron: check 46500/58925 theorem LonelyRunner.repeat_exception_83 t=1380.715s
con-ron: check 46600/58925 theorem LonelyRunner.repeat_exception_103 t=1381.315s
con-ron: check 46700/58925 theorem LonelyRunner.repeat_exception_123 t=1381.909s
con-ron: check 46800/58925 theorem LonelyRunner.repeat_exception_143 t=1382.518s
con-ron: check 46900/58925 theorem LonelyRunner.repeat_exception_163 t=1383.124s
con-ron: check 47000/58925 theorem LonelyRunner.repeat_exception_183 t=1383.725s
con-ron: check 47100/58925 definition _private.Mathlib.Data.Nat.Prime.Defs.0.Nat.Prime.two_le.match_1_1 t=1384.230s
con-ron: check 47200/58925 theorem LonelyRunner.lonely_runner_three._proof_1_6 t=1387.244s
con-ron: check 47300/58925 theorem LonelyRunner.RenaultGrid.shift_cells_cover t=1579.488s
con-ron: check 47400/58925 definition WithBot.instMulZeroClass.match_3 t=2034.894s
con-ron: check 47500/58925 definition Polynomial.IsRoot t=2035.249s
con-ron: check 47600/58925 theorem not_pow_dvd_of_emultiplicity_lt t=2035.465s
con-ron: check 47700/58925 theorem AddMonoidAlgebra.mapAddEquiv._proof_4 t=2035.699s
con-ron: check 47800/58925 definition _private.Mathlib.Algebra.Polynomial.Monic.0.Polynomial.Monic.pow.match_1_1 t=2035.872s
con-ron: check 47900/58925 theorem Polynomial.exists_multiset_roots._unary t=2036.060s
con-ron: check 48000/58925 theorem Fin.instCommRing._proof_6 t=2037.827s
con-ron: check 48100/58925 theorem ZMod.val_eq_zero._simp_1 t=2037.914s
con-ron: check 48200/58925 theorem Multiset.powersetCard._proof_1 t=2038.147s
con-ron: check 48300/58925 theorem LonelyRunner.ModularPairCover.suffix_lt._proof_1_1 t=2038.526s
con-ron: check 48400/58925 theorem LonelyRunner.ModularPairCover.Prime83.block_24._proof_1_1 t=2040.424s
con-ron: check 48500/58925 theorem LonelyRunner.ModularPairCover.Prime101.block_32 t=2046.596s
con-ron: check 48600/58925 theorem LonelyRunner.ModularPairCover.Prime103.block_40._proof_1_1 t=2055.132s
con-ron: check 48700/58925 theorem LonelyRunner.ModularPairCover.Prime107.block_51 t=2064.896s
con-ron: check 48800/58925 theorem LonelyRunner.ModularPairCover.Prime107.block_1 t=2073.868s
con-ron: check 48900/58925 theorem LonelyRunner.ModularPairCover.Prime131.block_23._proof_1_1 t=2083.624s
con-ron: check 49000/58925 theorem LonelyRunner.ModularPairCover.Prime149.block_55 t=2098.080s
con-ron: check 49100/58925 theorem LonelyRunner.ModularPairCover.Prime149.block_5 t=2117.508s
con-ron: check 49200/58925 theorem LonelyRunner.ModularPairCover.Prime151.block_37._proof_1_1 t=2129.761s
con-ron: check 49300/58925 theorem LonelyRunner.ModularPairCover.Prime163.block_76 t=2152.531s
con-ron: check 49400/58925 theorem LonelyRunner.ModularPairCover.Prime163.block_26 t=2166.720s
con-ron: check 49500/58925 theorem LonelyRunner.ModularPairCover.Prime167.block_66._proof_1_1 t=2187.975s
con-ron: check 49600/58925 theorem LonelyRunner.ModularPairCover.Prime167.block_16._proof_1_1 t=2206.922s
con-ron: check 49700/58925 theorem LonelyRunner.ModularPairCover.Prime173.block_60 t=2224.560s
con-ron: check 49800/58925 theorem LonelyRunner.ModularPairCover.Prime173.block_10 t=2248.642s
con-ron: check 49900/58925 theorem LonelyRunner.ModularPairCover.Prime179.block_56._proof_1_1 t=2265.217s
con-ron: check 50000/58925 theorem LonelyRunner.ModularPairCover.Prime179.block_6._proof_1_1 t=2294.011s
con-ron: check 50100/58925 theorem LonelyRunner.ModularPairCover.Prime191.block_59 t=2309.794s
con-ron: check 50200/58925 theorem LonelyRunner.ModularPairCover.Prime191.block_9 t=2341.898s
con-ron: check 50300/58925 theorem LonelyRunner.ModularPairCover.Prime193.block_62._proof_1_1 t=2360.320s
con-ron: check 50400/58925 theorem LonelyRunner.ModularPairCover.Prime193.block_12._proof_1_1 t=2391.719s
con-ron: check 50500/58925 theorem LonelyRunner.ModularPairCover.Prime197.block_68 t=2412.513s
con-ron: check 50600/58925 theorem LonelyRunner.ModularPairCover.Prime197.block_18 t=2441.393s
con-ron: check 50700/58925 theorem LonelyRunner.ModularPairCover.Prime199.block_74._proof_1_1 t=2466.344s
con-ron: check 50800/58925 theorem LonelyRunner.ModularPairCover.Prime199.block_24._proof_1_1 t=2493.165s
con-ron: check 50900/58925 theorem LonelyRunner.ModularPairCover.Prime211.block_87 t=2523.570s
con-ron: check 51000/58925 theorem LonelyRunner.ModularPairCover.Prime211.block_37 t=2547.599s
con-ron: check 51100/58925 theorem LonelyRunner.ModularPairCover.Prime223.block_105._proof_1_1 t=2590.533s
con-ron: check 51200/58925 theorem LonelyRunner.ModularPairCover.Prime223.block_55._proof_1_1 t=2608.542s
con-ron: check 51300/58925 theorem LonelyRunner.ModularPairCover.Prime223.block_5._proof_1_1 t=2657.781s
con-ron: check 51400/58925 theorem LonelyRunner.ModularPairCover.Prime227.block_76 t=2678.567s
con-ron: check 51500/58925 theorem LonelyRunner.ModularPairCover.Prime227.block_26 t=2715.692s
con-ron: check 51600/58925 theorem LonelyRunner.ModularPairCover.Prime229.block_97._proof_1_1 t=2754.699s
con-ron: check 51700/58925 theorem LonelyRunner.ModularPairCover.Prime229.block_47._proof_1_1 t=2780.077s
con-ron: check 51800/58925 definition LonelyRunner.ModularPairCover.Prime233.pairs t=2834.494s
con-ron: check 51900/58925 theorem LonelyRunner.ModularPairCover.Prime233.block_71 t=2852.331s
con-ron: check 52000/58925 theorem LonelyRunner.ModularPairCover.Prime233.block_21 t=2895.701s
con-ron: check 52100/58925 theorem LonelyRunner.ModularPairCover.Prime239.block_97._proof_1_1 t=2932.876s
con-ron: check 52200/58925 theorem LonelyRunner.ModularPairCover.Prime239.block_47._proof_1_1 t=2962.497s
con-ron: check 52300/58925 definition LonelyRunner.ModularPairCover.Prime241.pairs t=3020.330s
con-ron: check 52400/58925 theorem LonelyRunner.ModularPairCover.Prime241.block_75 t=3038.889s
con-ron: check 52500/58925 theorem LonelyRunner.ModularPairCover.Prime241.block_25 t=3083.826s
con-ron: check 52600/58925 theorem LonelyRunner.ModularPairCover.Prime251.block_107._proof_1_1 t=3128.615s
con-ron: check 52700/58925 theorem LonelyRunner.ModularPairCover.Prime251.block_57._proof_1_1 t=3156.220s
con-ron: check 52800/58925 theorem LonelyRunner.ModularPairCover.Prime251.block_7._proof_1_1 t=3218.485s
con-ron: check 52900/58925 theorem LonelyRunner.ModularPairCover.Prime257.block_93 t=3246.209s
con-ron: check 53000/58925 theorem LonelyRunner.ModularPairCover.Prime257.block_43 t=3286.659s
con-ron: check 53100/58925 theorem LonelyRunner.ModularPairCover.Prime263.exceptions_ok._proof_1_1 t=3357.133s
con-ron: check 53200/58925 theorem LonelyRunner.ModularPairCover.Prime263.block_81._proof_1_1 t=3374.664s
con-ron: check 53300/58925 theorem LonelyRunner.ModularPairCover.Prime263.block_31._proof_1_1 t=3426.828s
con-ron: check 53400/58925 theorem LonelyRunner.ModularPairCover.Prime269.block_123 t=3486.934s
con-ron: check 53500/58925 theorem LonelyRunner.ModularPairCover.Prime269.block_73 t=3512.923s
con-ron: check 53600/58925 theorem LonelyRunner.ModularPairCover.Prime269.block_23 t=3579.966s
con-ron: check 53700/58925 theorem LonelyRunner.ModularPairCover.Prime271.block_115._proof_1_1 t=3647.539s
con-ron: check 53800/58925 theorem LonelyRunner.ModularPairCover.Prime271.block_65._proof_1_1 t=3689.428s
con-ron: check 53900/58925 theorem LonelyRunner.ModularPairCover.Prime271.block_15._proof_1_1 t=3781.253s
con-ron: check 54000/58925 theorem LonelyRunner.ModularPairCover.Prime277.block_111 t=3837.956s
con-ron: check 54100/58925 theorem LonelyRunner.ModularPairCover.Prime277.block_61 t=3887.781s
con-ron: check 54200/58925 theorem LonelyRunner.ModularPairCover.Prime277.block_11 t=3984.226s
con-ron: check 54300/58925 theorem LonelyRunner.ModularPairCover.Prime281.block_108._proof_1_1 t=4031.132s
con-ron: check 54400/58925 theorem LonelyRunner.ModularPairCover.Prime281.block_58._proof_1_1 t=4075.408s
con-ron: check 54500/58925 theorem LonelyRunner.ModularPairCover.Prime281.block_8._proof_1_1 t=4157.799s
con-ron: check 54600/58925 theorem LonelyRunner.ModularPairCover.Prime283.block_107 t=4193.486s
con-ron: check 54700/58925 theorem LonelyRunner.ModularPairCover.Prime283.block_57 t=4238.035s
con-ron: check 54800/58925 theorem LonelyRunner.ModularPairCover.Prime283.block_7 t=4333.156s
con-ron: check 54900/58925 theorem LonelyRunner.ModularPairCover.Prime293.block_110._proof_1_1 t=4382.821s
con-ron: check 55000/58925 theorem LonelyRunner.ModularPairCover.Prime293.block_60._proof_1_1 t=4434.081s
con-ron: check 55100/58925 theorem LonelyRunner.ModularPairCover.Prime293.block_10._proof_1_1 t=4546.990s
con-ron: check 55200/58925 theorem LonelyRunner.ModularPairCover.Prime307.block_121 t=4603.986s
con-ron: check 55300/58925 theorem LonelyRunner.ModularPairCover.Prime307.block_71 t=4654.464s
con-ron: check 55400/58925 theorem LonelyRunner.ModularPairCover.Prime307.block_21 t=4750.207s
con-ron: check 55500/58925 theorem LonelyRunner.ModularPairCover.Prime311.block_133._proof_1_1 t=4821.731s
con-ron: check 55600/58925 theorem LonelyRunner.ModularPairCover.Prime311.block_83._proof_1_1 t=4864.606s
con-ron: check 55700/58925 theorem LonelyRunner.ModularPairCover.Prime311.block_33._proof_1_1 t=4950.872s
con-ron: check 55800/58925 theorem LonelyRunner.ModularPairCover.Prime313.block_147 t=5042.220s
con-ron: check 55900/58925 theorem LonelyRunner.ModularPairCover.Prime313.block_97 t=5071.315s
con-ron: check 56000/58925 theorem LonelyRunner.ModularPairCover.Prime313.block_47 t=5142.041s
con-ron: check 56100/58925 definition LonelyRunner.ModularPairCover.Prime317.targets t=5249.266s
con-ron: check 56200/58925 theorem LonelyRunner.ModularPairCover.Prime317.block_112._proof_1_1 t=5277.565s
con-ron: check 56300/58925 theorem LonelyRunner.ModularPairCover.Prime317.block_62._proof_1_1 t=5336.339s
con-ron: check 56400/58925 theorem LonelyRunner.ModularPairCover.Prime317.block_12._proof_1_1 t=5439.914s
con-ron: check 56500/58925 theorem LonelyRunner.ModularPairCover.Prime331.block_135 t=5502.334s
con-ron: check 56600/58925 theorem LonelyRunner.ModularPairCover.Prime331.block_85 t=5562.166s
con-ron: check 56700/58925 theorem LonelyRunner.ModularPairCover.Prime331.block_35 t=5677.718s
con-ron: check 56800/58925 theorem LonelyRunner.ModularPairCover.Prime337.block_160._proof_1_1 t=5786.211s
con-ron: check 56900/58925 theorem LonelyRunner.ModularPairCover.Prime337.block_110._proof_1_1 t=5818.046s
con-ron: check 57000/58925 theorem LonelyRunner.ModularPairCover.Prime337.block_60._proof_1_1 t=5896.357s
con-ron: check 57100/58925 theorem LonelyRunner.ModularPairCover.Prime337.block_10._proof_1_1 t=6023.344s
con-ron: check 57200/58925 theorem LonelyRunner.ModularPairCover.Prime347.block_141 t=6081.483s
con-ron: check 57300/58925 theorem LonelyRunner.ModularPairCover.Prime347.block_91 t=6137.114s
con-ron: check 57400/58925 theorem LonelyRunner.ModularPairCover.Prime347.block_41 t=6242.936s
con-ron: check 57500/58925 theorem LonelyRunner.ModularPairCover.Prime349.block_172._proof_1_1 t=6380.547s
con-ron: check 57600/58925 theorem LonelyRunner.ModularPairCover.Prime349.block_122._proof_1_1 t=6409.674s
con-ron: check 57700/58925 theorem LonelyRunner.ModularPairCover.Prime349.block_72._proof_1_1 t=6486.090s
con-ron: check 57800/58925 theorem LonelyRunner.ModularPairCover.Prime349.block_22._proof_1_1 t=6613.617s
con-ron: check 57900/58925 theorem LonelyRunner.ModularPairCover.Prime353.block_156 t=6703.566s
con-ron: check 58000/58925 theorem LonelyRunner.ModularPairCover.Prime353.block_106 t=6746.872s
con-ron: check 58100/58925 theorem LonelyRunner.ModularPairCover.Prime353.block_56 t=6838.701s
con-ron: check 58200/58925 theorem LonelyRunner.ModularPairCover.Prime353.block_6 t=6984.841s
con-ron: check 58300/58925 theorem LonelyRunner.integer_line_split._proof_5 t=7008.191s
con-ron: check 58400/58925 theorem RingHom.quotientKerEquivOfRightInverse._proof_3 t=7008.455s
con-ron: check 58500/58925 theorem Finsupp.equivFunOnFinite_apply t=7009.036s
con-ron: check 58600/58925 theorem Matrix.vecMulLinear._proof_4 t=7009.252s
con-ron: check 58700/58925 definition Equiv.Perm.sumCongrHom t=7009.388s
con-ron: check 58800/58925 theorem LonelyRunner.integerPrefixGramDet_adjacent_swap t=7009.687s
con-ron: check 58900/58925 theorem PiLp.dist_apply_le t=7010.151s
con-ron: check done: 58925/58925 t=7012.079s (check 6998.163s)
con-ron: done: parse 1.377s, install 12.539s, check 6998.163s, 1 worker t=7012.079s
con-ron: accepted 59862 declarations (--verified)
Accepted/completed con-ron verified mode in 7014.0s
